******************************************************************************
                  TI ARM Linker PC v20.2.1                     
******************************************************************************
>> Linked Mon Feb  1 23:05:12 2021

OUTPUT FILE NAME:   <tcp_client_v4.out>
ENTRY POINT SYMBOL: "_c_int00"  address: 0000f1ad


MEMORY CONFIGURATION

         name            origin    length      used     unused   attr    fill
----------------------  --------  ---------  --------  --------  ----  --------
  FLASH                 00000000   00100000  000164cf  000e9b31  R  X
  SRAM                  20000000   00040000  0001c70c  000238f4  RW X


SEGMENT ALLOCATION MAP

run origin  load origin   length   init length attrs members
----------  ----------- ---------- ----------- ----- -------
00000000    00000000    000164d8   000164d8    r-x
  00000000    00000000    0000003c   0000003c    r-- .resetVecs
  00000040    00000040    00013a02   00013a02    r-x .text
  00013a44    00013a44    00002619   00002619    r-- .const
  00016060    00016060    00000478   00000478    r-- .cinit
20000000    20000000    00000360   00000000    rw-
  20000000    20000000    00000360   00000000    rw- .vecs
20000380    20000380    0001c3b0   00000000    rw-
  20000380    20000380    0001b178   00000000    rw- .bss
  2001b4f8    2001b4f8    00000a34   00000000    rw- .data
  2001bf30    2001bf30    00000800   00000000    rw- .stack


SECTION ALLOCATION MAP

 output                                  attributes/
section   page    origin      length       input sections
--------  ----  ----------  ----------   ----------------
.text      0    00000040    00013a02     
                  00000040    00000c68     stk.aem4f : tcpin.oem4f (.text:TcpInput)
                  00000ca8    00000a4e     rtsv7M4_T_le_v4SPD16_eabi.lib : _printfi.c.obj (.text:__TI_printfi)
                  000016f6    00000002     hal_userled_stub.aem4f : llled.oem4f (.text:LED_TOGGLE)
                  000016f8    000008b8     stk.aem4f : tcpout.oem4f (.text:TcpOutput)
                  00001fb0    00000430     sysbios.aem4f : BIOS.obj (.text:ti_sysbios_family_arm_m3_Hwi_excDumpRegs__I)
                  000023e0    00000408     stk.aem4f : ipout.oem4f (.text:IPTxPacket)
                  000027e8    00000384               : ipin.oem4f (.text:IPRxPacket)
                  00002b6c    0000034c     ti.targets.arm.rtsarm.aem4f : System.oem4f (.text:xdc_runtime_System_doPrint__I)
                  00002eb8    000002a0     rtsv7M4_T_le_v4SPD16_eabi.lib : mktime.c.obj (.text:__mktime32)
                  00003158    00000284     stk.aem4f : sock.oem4f (.text:SockSet)
                  000033dc    00000270     rtsv7M4_T_le_v4SPD16_eabi.lib : _printfi.c.obj (.text:_pconv_a)
                  0000364c    0000024c     stk.aem4f : ipfrag.oem4f (.text:IPReasm)
                  00003898    0000023c               : icmpin.oem4f (.text:ICMPInput)
                  00003ad4    00000238               : udp.oem4f (.text:UdpInput)
                  00003d0c    00000204     Boot.aem4f : Boot_sysctl.oem4f (.text:ti_catalog_arm_cortexm4_tiva_ce_Boot_sysCtlClockFreqSetI__I)
                  00003f10    000001f4     stk.aem4f : sock.oem4f (.text:SockRecv)
                  00004104    00000004               : bind.oem4f (.text:BindGetIF)
                  00004108    000001f4     sysbios.aem4f : BIOS.obj (.text:ti_sysbios_family_arm_m3_Hwi_excHandlerMax__I)
                  000042fc    000001d0     rtsv7M4_T_le_v4SPD16_eabi.lib : _printfi.c.obj (.text:_pconv_g)
                  000044cc    000001b8     drivers_tivaware.aem4f : EMACSnow.oem4f (.text:EMACSnow_NIMUInit)
                  00004684    000001b6     rtsv7M4_T_le_v4SPD16_eabi.lib : fd_add_t2.asm.obj (.text)
                  0000483a    00000002     stk.aem4f : nat.oem4f (.text:NatMsg)
                  0000483c    000001b0               : lliout.oem4f (.text:LLITxIpPacket)
                  000049ec    000001ac               : lliin.oem4f (.text:LLIRxPacket)
                  00004b98    0000019c     os.aem4f : mem.oem4f (.text:mmAlloc)
                  00004d34    00000198     stk.aem4f : igmp.oem4f (.text:IGMPInput)
                  00004ecc    00000190               : sock.oem4f (.text:SockNew)
                  0000505c    00000174     netctrl_min_ipv4.aem4f : netctrl.oem4f (.text:NC_NetStart)
                  000051d0    00000174     sysbios.aem4f : BIOS.obj (.text:ti_sysbios_family_arm_m3_Hwi_excBusFault__I)
                  00005344    00000170     stk.aem4f : rtc.oem4f (.text:RTCReport)
                  000054b4    0000016a               : sb.oem4f (.text:SBRead)
                  0000561e    00000002     os.aem4f : task.oem4f (.text:_TaskInit)
                  00005620    00000164     sysbios.aem4f : BIOS.obj (.text:ti_sysbios_family_arm_m3_Hwi_excUsageFault__I)
                  00005784    00000160     stk.aem4f : sock.oem4f (.text:SockConnect)
                  000058e4    0000015c     httpget.obj (.text:recvTimeStamptFromNTP)
                  00005a40    00000158     nettool_ipv4.aem4f : dhcpmain.oem4f (.text:DHCPOpen)
                  00005b98    00000150     drivers_tivaware.aem4f : GPIOTiva.oem4f (.text:GPIO_setConfig)
                  00005ce8    00000148     sysbios.aem4f : BIOS.obj (.text:ti_sysbios_family_arm_m3_Hwi_excMemFault__I)
                  00005e30    00000148                   : BIOS.obj (.text:ti_sysbios_knl_Event_pend__E)
                  00005f78    00000148                   : BIOS.obj (.text:ti_sysbios_knl_Task_Instance_finalize__E)
                  000060c0    00000144     stk.aem4f : bind.oem4f (.text:BindNew)
                  00006204    00000140               : tcp.oem4f (.text:TcpTimeoutCheck)
                  00006344    0000013c     nettool_ipv4.aem4f : config.oem4f (.text:CfgAddEntry)
                  00006480    0000013c     stk.aem4f : sockint.oem4f (.text:SockNotify)
                  000065bc    0000013c               : sock.oem4f (.text:SockSend)
                  000066f8    0000013c     rtsv7M4_T_le_v4SPD16_eabi.lib : _printfi.c.obj (.text:_pconv_e)
                  00006834    00000136                                   : fd_div_t2.asm.obj (.text)
                  0000696a    00000002     os.aem4f : task.oem4f (.text:_TaskShutdown)
                  0000696c    00000134     stk.aem4f : icmp.oem4f (.text:ICMPGenPacket)
                  00006aa0    00000134     rtsv7M4_T_le_v4SPD16_eabi.lib : localtim.c.obj (.text:__localtime32)
                  00006bd4    00000131     httpget.obj (.text:sendData2Server)
                  00006d05    00000001     --HOLE-- [fill = 0]
                  00006d06    00000130     driverlib.lib : gpio.obj (.text:GPIOPadConfigSet)
                  00006e36    00000002     hal_ser_stub.aem4f : llserstb.oem4f (.text:_llSerialServiceCheck)
                  00006e38    0000012c     EK_TM4C1294XL.obj (.text:EK_TM4C1294XL_initEMAC)
                  00006f64    00000004     stk.aem4f : bind.oem4f (.text:BindGetNext)
                  00006f68    00000128     sysbios.aem4f : BIOS.obj (.text:ti_sysbios_knl_Semaphore_pend__E)
                  00007090    00000124     stk.aem4f : sockpcb.oem4f (.text:SockPcbResolve)
                  000071b4    00000124               : udp.oem4f (.text:UdpOutput)
                  000072d8    00000124     rtsv7M4_T_le_v4SPD16_eabi.lib : _printfi.c.obj (.text:fcvt)
                  000073fc    00000120     httpget_pem4f.oem4f (.text:ti_ndk_config_Global_stackThread)
                  0000751c    00000118     stk.aem4f : tcpout.oem4f (.text:TcpGenPacket)
                  00007634    00000118     ti.targets.arm.rtsarm.aem4f : Error.oem4f (.text:xdc_runtime_Error_policyDefault__E)
                  0000774c    00000114     stk.aem4f : nimu.oem4f (.text:NIMUIoctl)
                  00007860    00000110               : node.oem4f (.text:NodeTreeFree)
                  00007970    00000110               : raw.oem4f (.text:RawInput)
                  00007a80    00000110     rtsv7M4_T_le_v4SPD16_eabi.lib : s_scalbn.c.obj (.text:scalbn)
                  00007b90    0000010c     stk.aem4f : rtable.oem4f (.text:RtFind)
                  00007c9c    0000010a               : route.oem4f (.text:RtCreate)
                  00007da6    00000002     hal_ser_stub.aem4f : llserstb.oem4f (.text:_llSerialShutdown)
                  00007da8    00000108     drivers_tivaware.aem4f : EMACSnow.oem4f (.text:EMACSnow_emacStart)
                  00007eb0    00000108     sysbios.aem4f : BIOS.obj (.text:ti_sysbios_family_arm_lm4_Timer_start__E)
                  00007fb8    00000104     os.aem4f : task.oem4f (.text:llEnter)
                  000080bc    00000102     nettool_ipv4.aem4f : dhcppkt.oem4f (.text:dhcpPacketProcess)
                  000081be    00000102                        : inetaddr.oem4f (.text:inet_aton)
                  000082c0    00000100     stk.aem4f : igmp.oem4f (.text:IGMPSendReply)
                  000083c0    00000100     ti.targets.arm.rtsarm.aem4f : Core-mem.oem4f (.text:xdc_runtime_Core_createObject__I)
                  000084c0    000000fc     netctrl_min_ipv4.aem4f : netctrl.oem4f (.text:NetScheduler)
                  000085bc    000000fc     rtsv7M4_T_le_v4SPD16_eabi.lib : fd_mul_t2.asm.obj (.text)
                  000086b8    000000f8     stk.aem4f : pipe.oem4f (.text:PipeRecv)
                  000087b0    000000f8     ti.targets.arm.rtsarm.aem4f : Startup.oem4f (.text:xdc_runtime_Startup_startMods__I)
                  000088a8    000000f8     httpget_pem4f.oem4f (.text:xdc_runtime_System_printfExtend__I)
                  000089a0    000000f4     os.aem4f : task.oem4f (.text:TaskGetEnv)
                  00008a94    000000f4     sysbios.aem4f : m3_Hwi_asm.obj (.text:ti_sysbios_family_arm_m3_Hwi_dispatch__I)
                  00008b88    000000f4                   : BIOS.obj (.text:ti_sysbios_knl_Task_Instance_init__E)
                  00008c7c    000000f0     stk.aem4f : lliout.oem4f (.text:LLIGenArpPacket)
                  00008d6c    000000f0               : sock.oem4f (.text:SockClose)
                  00008e5c    000000f0     driverlib.lib : sysctl.obj (.text:SysCtlClockSet)
                  00008f4c    000000e8     os.aem4f : task.oem4f (.text:TaskSetEnv)
                  00009034    000000e4     httpget.obj (.text:createTasks)
                  00009118    000000e4     sysbios.aem4f : BIOS.obj (.text:ti_sysbios_knl_Task_postInit__I)
                  000091fc    000000e0     stk.aem4f : tcptime.oem4f (.text:TcpTimeoutRexmt)
                  000092dc    000000dc               : sb.oem4f (.text:SBWrite)
                  000093b8    000000dc     nettool_ipv4.aem4f : dhcpsock.oem4f (.text:dhcpSocketOpen)
                  00009494    000000dc                        : dhcpsm.oem4f (.text:dhcpState)
                  00009570    000000d8     stk.aem4f : node.oem4f (.text:NodeAdd)
                  00009648    000000d8               : tcpprot.oem4f (.text:TcpPrSetOption)
                  00009720    000000d4     drivers_tivaware.aem4f : EMACSnow.oem4f (.text:EMACSnow_handleRx)
                  000097f4    000000d4     stk.aem4f : sockpcb.oem4f (.text:SockPcbBind)
                  000098c8    000000d4     sysbios.aem4f : BIOS.obj (.text:ti_sysbios_heaps_HeapMem_alloc__E)
                  0000999c    000000d1     stk.aem4f : nimu.oem4f (.text:NIMUReceivePacket)
                  00009a6d    00000001     --HOLE-- [fill = 0]
                  00009a6e    00000002     hal_userled_stub.aem4f : llled.oem4f (.text:_llUserLedInit)
                  00009a70    000000cc     stk.aem4f : icmp.oem4f (.text:ICMPSendRtAdv)
                  00009b3c    000000cc     nettool_ipv4.aem4f : dhcpbild.oem4f (.text:dhcpBuildHeader)
                  00009c08    000000cc                        : dhcpsm.oem4f (.text:dhcpIPAdd)
                  00009cd4    000000cc                        : dhcppkt.oem4f (.text:dhcpVerifyMessage)
                  00009da0    000000cc     ti.targets.arm.rtsarm.aem4f : Core-smem.oem4f (.text:xdc_runtime_Core_constructObject__I)
                  00009e6c    000000c8     stk.aem4f : rawethsock.oem4f (.text:RawEthSockNew)
                  00009f34    000000c8     netctrl_min_ipv4.aem4f : netsrv.oem4f (.text:SPIpNet)
                  00009ffc    000000c4     drivers_tivaware.aem4f : EMACSnow.oem4f (.text:EMACSnow_InitDMADescriptors)
                  0000a0c0    000000c4     stk.aem4f : igmp.oem4f (.text:IGMPJoinHostGroup)
                  0000a184    000000c4     nettool_ipv4.aem4f : dhcpsm.oem4f (.text:StateBound)
                  0000a248    000000c4     httpget.obj (.text:clientSocketTask)
                  0000a30c    00000004     os.aem4f : ossys.oem4f (.text:NDK_vsprintf)
                  0000a310    000000c0     sysbios.aem4f : BIOS.obj (.text:ti_sysbios_knl_Task_sleep__E)
                  0000a3d0    000000bc     stk.aem4f : sockpcb.oem4f (.text:SockPcbFind)
                  0000a48c    000000bc               : vlan.oem4f (.text:VLANDeinit)
                  0000a548    000000bc     sysbios.aem4f : BIOS.obj (.text:ti_sysbios_family_arm_m3_Hwi_excDebugMon__I)
                  0000a604    00000004     stk.aem4f : node.oem4f (.text:NodeSetRt)
                  0000a608    000000bc     sysbios.aem4f : BIOS.obj (.text:ti_sysbios_family_arm_m3_Hwi_excHardFault__I)
                  0000a6c4    00000004     stk.aem4f : rawethsock_prot.oem4f (.text:RawEthSockPrAttach)
                  0000a6c8    000000bc     sysbios.aem4f : BIOS.obj (.text:ti_sysbios_knl_Task_exit__E)
                  0000a784    000000b8     EK_TM4C1294XL.obj (.text:EK_TM4C1294XL_initGeneral)
                  0000a83c    000000b8     stk.aem4f : icmpin.oem4f (.text:ICMPRevSrcRoute)
                  0000a8f4    000000b8               : lli.oem4f (.text:_LLITimeoutCheck)
                  0000a9ac    000000b4               : tcptime.oem4f (.text:TcpTimeoutKeep)
                  0000aa60    000000b4     sysbios.aem4f : BIOS.obj (.text:ti_sysbios_knl_Task_checkStacks__E)
                  0000ab14    000000b1     rtsv7M4_T_le_v4SPD16_eabi.lib : _printfi.c.obj (.text:_ltostr)
                  0000abc5    00000001     --HOLE-- [fill = 0]
                  0000abc6    000000b0     stk.aem4f : rawethsock.oem4f (.text:RawEthSockSet)
                  0000ac76    00000002     hal_userled_stub.aem4f : llled.oem4f (.text:_llUserLedShutdown)
                  0000ac78    000000ac     stk.aem4f : rtable.oem4f (.text:RtTimeoutCheck)
                  0000ad24    000000ac     httpget.obj (.text:WaterLevel)
                  0000add0    000000ac     sysbios.aem4f : BIOS.obj (.text:ti_sysbios_family_arm_lm4_Timer_enableTiva__I)
                  0000ae7c    000000a8     stk.aem4f : sockint.oem4f (.text:SockCreatePacket)
                  0000af24    00000004               : rawethsock_prot.oem4f (.text:RawEthSockPrDetach)
                  0000af28    000000a4     sysbios.aem4f : BIOS.obj (.text:ti_sysbios_knl_Task_setPri__E)
                  0000afcc    000000a0     stk.aem4f : ip.oem4f (.text:IPGetRoute)
                  0000b06c    000000a0     auto_init.aem4f : auto_init.oem4f (.text)
                  0000b10c    000000a0     ti.targets.arm.rtsarm.aem4f : Text.oem4f (.text:xdc_runtime_Text_putMod__E)
                  0000b1ac    0000009e     stk.aem4f : nimu.oem4f (.text:NIMUAddEthernetHeader)
                  0000b24a    0000009e     nettool_ipv4.aem4f : dhcpbild.oem4f (.text:dhcpBuildRequest)
                  0000b2e8    0000009c     stk.aem4f : exec.oem4f (.text:ExecOpen)
                  0000b384    0000009c     httpget.obj (.text:SolenoidFxn)
                  0000b420    0000009c     rtsv7M4_T_le_v4SPD16_eabi.lib : memcpy_t2.asm.obj (.text)
                  0000b4bc    0000009a     httpget.obj (.text:main)
                  0000b556    00000002     rtsv7M4_T_le_v4SPD16_eabi.lib : _lock.c.obj (.text:_nop)
                  0000b558    0000009a     ti.targets.arm.rtsarm.aem4f : Text.oem4f (.text:xdc_runtime_Text_putSite__E)
                  0000b5f2    00000002     hal_ser_stub.aem4f : llserstb.oem4f (.text:llSerialService)
                  0000b5f4    00000098     netctrl_min_ipv4.aem4f : netctrl.oem4f (.text:NC_SystemOpen)
                  0000b68c    00000098                            : netsrv.oem4f (.text:ServiceScan)
                  0000b724    00000098     Boot.aem4f : Boot.oem4f (.text:ti_catalog_arm_cortexm4_tiva_ce_Boot_sysCtlClockFreqSet__E)
                  0000b7bc    00000004     os.aem4f : semaphore.oem4f (.text:SemPend)
                  0000b7c0    00000098     sysbios.aem4f : BIOS.obj (.text:ti_sysbios_knl_Task_schedule__I)
                  0000b858    00000096     rtsv7M4_T_le_v4SPD16_eabi.lib : ull_div_t2.asm.obj (.text)
                  0000b8ee    00000002                                   : div0.asm.obj (.text)
                  0000b8f0    00000094     nettool_ipv4.aem4f : config.oem4f (.text:CfgRemoveEntry)
                  0000b984    00000004     os.aem4f : semaphore.oem4f (.text:SemPost)
                  0000b988    00000094     sysbios.aem4f : BIOS.obj (.text:ti_sysbios_family_arm_m3_Hwi_Instance_init__E)
                  0000ba1c    00000004     os.aem4f : semaphore.oem4f (.text:SemReset)
                  0000ba20    00000094     sysbios.aem4f : BIOS.obj (.text:ti_sysbios_family_arm_m3_Hwi_initNVIC__E)
                  0000bab4    00000090     nettool_ipv4.aem4f : config.oem4f (.text:CfgExecute)
                  0000bb44    00000090     stk.aem4f : igmp.oem4f (.text:IGMPMsg)
                  0000bbd4    00000090     os.aem4f : mem.oem4f (.text:mmBulkAlloc)
                  0000bc64    00000004              : task.oem4f (.text:TaskSelf)
                  0000bc68    00000090     sysbios.aem4f : BIOS.obj (.text:ti_sysbios_knl_Task_Module_startup__E)
                  0000bcf8    00000090                   : BIOS.obj (.text:ti_sysbios_knl_Task_startCore__E)
                  0000bd88    0000008c     drivers_tivaware.aem4f : GPIOTiva.oem4f (.text:GPIO_init)
                  0000be14    0000008c     stk.aem4f : ip.oem4f (.text:IPMsg)
                  0000bea0    0000008c     os.aem4f : mem.oem4f (.text:_mmInit)
                  0000bf2c    0000008c              : mem.oem4f (.text:mmInitPage)
                  0000bfb8    0000008c     sysbios.aem4f : m3_TaskSupport_asm.obj (.text:ti_sysbios_family_arm_m3_TaskSupport_buildTaskStack)
                  0000c044    00000004     os.aem4f : task.oem4f (.text:TaskSetPri)
                  0000c048    0000008c     sysbios.aem4f : BIOS.obj (.text:ti_sysbios_knl_Event_post__E)
                  0000c0d4    0000008a     netctrl_min_ipv4.aem4f : netsrv.oem4f (.text:SPRoute)
                  0000c15e    00000002     httpget_pem4f.oem4f (.text:ti_ndk_config_Global_NetworkClose)
                  0000c160    00000088     httpget.obj (.text:SWI_ISR)
                  0000c1e8    00000088     netctrl_min_ipv4.aem4f : netsrv.oem4f (.text:ServiceSpawn)
                  0000c270    00000088     stk.aem4f : sockpcb.oem4f (.text:SockPcbCtlError)
                  0000c2f8    00000088     sysbios.aem4f : BIOS.obj (.text:ti_sysbios_knl_Mailbox_post__E)
                  0000c380    00000087     httpget_pem4f.oem4f (.text:ti_ndk_config_Global_NetworkIPAddr)
                  0000c407    00000001     --HOLE-- [fill = 0]
                  0000c408    00000086     nettool_ipv4.aem4f : dhcpsm.oem4f (.text:StateRequesting)
                  0000c48e    00000086     rtsv7M4_T_le_v4SPD16_eabi.lib : fd_cmp_t2.asm.obj (.text:__aeabi_cdcmple)
                  0000c514    00000086                                   : fd_cmp_t2.asm.obj (.text:__aeabi_cdrcmple)
                  0000c59a    00000002     httpget_pem4f.oem4f (.text:ti_ndk_config_Global_NetworkOpen)
                  0000c59c    00000084     nettool_ipv4.aem4f : config.oem4f (.text:CfgGetEntry)
                  0000c620    00000084     drivers_tivaware.aem4f : EMACSnow.oem4f (.text:EMACSnow_processPhyInterrupt)
                  0000c6a4    00000084     stk.aem4f : tcpprot.oem4f (.text:TcpPrAttach)
                  0000c728    00000084     os.aem4f : mem.oem4f (.text:mmBulkFree)
                  0000c7ac    00000084              : mem.oem4f (.text:mmFree)
                  0000c830    00000084     sysbios.aem4f : BIOS.obj (.text:ti_sysbios_family_arm_m3_Hwi_postInit__I)
                  0000c8b4    00000082     nettool_ipv4.aem4f : dhcpsm.oem4f (.text:StateRenewRebind)
                  0000c936    00000002     httpget_pem4f.oem4f (.text:ti_sysbios_BIOS_nullFunc__I)
                  0000c938    00000080     drivers_tivaware.aem4f : EMACSnow.oem4f (.text:EMACSnow_emacStop)
                  0000c9b8    00000080                            : EMACSnow.oem4f (.text:EMACSnow_processPendingTx)
                  0000ca38    00000080     stk.aem4f : lli.oem4f (.text:LLINew)
                  0000cab8    00000080     netctrl_min_ipv4.aem4f : netsrv.oem4f (.text:NS_BootTask)
                  0000cb38    00000080     stk.aem4f : pbm.oem4f (.text:PBM_alloc)
                  0000cbb8    00000080               : raw.oem4f (.text:RawOutput)
                  0000cc38    0000007e               : fileuser.oem4f (.text:fdClose)
                  0000ccb6    00000002     httpget_pem4f.oem4f (.text:xdc_runtime_Startup_reset__I)
                  0000ccb8    0000007c     nettool_ipv4.aem4f : config.oem4f (.text:CfgGetNextEntry)
                  0000cd34    0000007c     drivers_tivaware.aem4f : EMACSnow.oem4f (.text:EMACSnow_hwiIntFxn)
                  0000cdb0    0000007c     stk.aem4f : igmp.oem4f (.text:IGMPDoMCast)
                  0000ce2c    0000007c               : igmp.oem4f (.text:IGMPJoin)
                  0000cea8    0000007c               : socket.oem4f (.text:NDK_setsockopt)
                  0000cf24    0000007c               : nimu.oem4f (.text:NIMURegister)
                  0000cfa0    0000007c               : pbm.oem4f (.text:PBM_free)
                  0000d01c    0000007c     nettool_ipv4.aem4f : inetaddr.oem4f (.text:inet_pton)
                  0000d098    0000007c     sysbios.aem4f : BIOS.obj (.text:ti_sysbios_heaps_HeapMem_free__E)
                  0000d114    0000007a     rtsv7M4_T_le_v4SPD16_eabi.lib : memset_t2.asm.obj (.text)
                  0000d18e    00000002     --HOLE-- [fill = 0]
                  0000d190    00000078     driverlib.lib : emac.obj (.text:EMACInit)
                  0000d208    00000078     stk.aem4f : socket.oem4f (.text:NDK_sendto)
                  0000d280    00000078               : tcptime.oem4f (.text:TcpXmitTimer)
                  0000d2f8    00000078               : fileuser.oem4f (.text:fdOpenSession)
                  0000d370    00000078     os.aem4f : task.oem4f (.text:llExit)
                  0000d3e8    00000076     stk.aem4f : pipe.oem4f (.text:PipeSend)
                  0000d45e    00000002     --HOLE-- [fill = 0]
                  0000d460    00000075               : tcptime.oem4f (.text:TcpTimeoutSackRexmt)
                  0000d4d5    00000003     --HOLE-- [fill = 0]
                  0000d4d8    00000074               : igmp.oem4f (.text:IGMPLeaveHostGroup)
                  0000d54c    00000074               : nimu.oem4f (.text:NIMUShutdown)
                  0000d5c0    00000074               : raweth.oem4f (.text:RawEthRxPacket)
                  0000d634    00000074               : sockpcb.oem4f (.text:SockPcbConnect)
                  0000d6a8    00000074     sysbios.aem4f : BIOS.obj (.text:ti_sysbios_knl_Mailbox_pend__E)
                  0000d71c    00000072     os.aem4f : semaphore.oem4f (.text:SemCreateBinary)
                  0000d78e    00000070     stk.aem4f : socket.oem4f (.text:NDK_send)
                  0000d7fe    00000002     --HOLE-- [fill = 0]
                  0000d800    00000070               : rtable.oem4f (.text:RtFlush)
                  0000d870    00000070     netctrl_min_ipv4.aem4f : netsrv.oem4f (.text:SPConfig)
                  0000d8e0    00000070     stk.aem4f : sock.oem4f (.text:SockShutdown)
                  0000d950    00000070     nettool_ipv4.aem4f : dhcptags.oem4f (.text:dhcpDecodeType)
                  0000d9c0    00000070     sysbios.aem4f : BIOS.obj (.text:ti_sysbios_knl_Clock_workFunc__E)
                  0000da30    0000006e     stk.aem4f : socket.oem4f (.text:NDK_recv)
                  0000da9e    00000002     --HOLE-- [fill = 0]
                  0000daa0    0000006e               : rtable.oem4f (.text:RtWalkNext)
                  0000db0e    0000006e               : sockpcb.oem4f (.text:SockPcbFindRaw)
                  0000db7c    0000006e     rtsv7M4_T_le_v4SPD16_eabi.lib : _printfi.c.obj (.text:_mcpy)
                  0000dbea    0000006e                                   : ll_div_t2.asm.obj (.text)
                  0000dc58    0000006d     stk.aem4f : node.oem4f (.text:NodeNew)
                  0000dcc5    00000003     --HOLE-- [fill = 0]
                  0000dcc8    0000006d     ti.targets.arm.rtsarm.aem4f : System.oem4f (.text:xdc_runtime_System_formatNum__I)
                  0000dd35    00000003     --HOLE-- [fill = 0]
                  0000dd38    0000006c     os.aem4f : ossys.oem4f (.text:DbgPrintf)
                  0000dda4    0000006c     stk.aem4f : node.oem4f (.text:NodeTreeNew)
                  0000de10    0000006c               : raweth.oem4f (.text:RawEthTxPacket)
                  0000de7c    0000006c               : udp.oem4f (.text:UdpChecksum)
                  0000dee8    0000006c     rtsv7M4_T_le_v4SPD16_eabi.lib : asctime.c.obj (.text:asctime)
                  0000df54    0000006c     httpget_pem4f.oem4f (.text:ti_ndk_config_ip_init)
                  0000dfc0    0000006c     sysbios.aem4f : BIOS.obj (.text:ti_sysbios_knl_Swi_restoreHwi__E)
                  0000e02c    0000006c     ti.targets.arm.rtsarm.aem4f : Error.oem4f (.text:xdc_runtime_Error_print__E)
                  0000e098    0000006c                                 : Memory.oem4f (.text:xdc_runtime_Memory_alloc__E)
                  0000e104    0000006a     stk.aem4f : tcpprot.oem4f (.text:TcpPrInherit)
                  0000e16e    00000068               : socket.oem4f (.text:NDK_socket)
                  0000e1d6    00000002     --HOLE-- [fill = 0]
                  0000e1d8    00000068               : pbm.oem4f (.text:PBM_open)
                  0000e240    00000068               : rtable.oem4f (.text:_RtNodeInsert)
                  0000e2a8    00000068     rtsv7M4_T_le_v4SPD16_eabi.lib : copy_decompress_lzss.c.obj (.text:decompress:lzss:__TI_decompress_lzss)
                  0000e310    00000066     ti.targets.arm.rtsarm.aem4f : Core-mem.oem4f (.text:xdc_runtime_Core_deleteObject__I)
                  0000e376    00000002     --HOLE-- [fill = 0]
                  0000e378    00000064     nettool_ipv4.aem4f : config.oem4f (.text:CfgFree)
                  0000e3dc    00000064     drivers_tivaware.aem4f : GPIOTiva.oem4f (.text:GPIO_hwiIntFxn)
                  0000e440    00000064     stk.aem4f : pbm.oem4f (.text:PBMQ_enq)
                  0000e4a4    00000064               : sockint.oem4f (.text:SockSpawnAbort)
                  0000e508    00000064     rtsv7M4_T_le_v4SPD16_eabi.lib : s_frexp.c.obj (.text:frexp)
                  0000e56c    00000064     hal_timer_bios.aem4f : lltimer.oem4f (.text:llTimerTick)
                  0000e5d0    00000064     httpget_pem4f.oem4f (.text:ti_sysbios_family_arm_m3_Hwi_create)
                  0000e634    00000004     hal_ser_stub.aem4f : llserstb.oem4f (.text:_llSerialInit)
                  0000e638    00000064     sysbios.aem4f : BIOS.obj (.text:ti_sysbios_family_arm_m3_Hwi_dispatchC__I)
                  0000e69c    00000004     rtsv7M4_T_le_v4SPD16_eabi.lib : exit.c.obj (.text:abort:abort)
                  0000e6a0    00000064     sysbios.aem4f : BIOS.obj (.text:ti_sysbios_knl_Semaphore_post__E)
                  0000e704    00000064     stk.aem4f : lliin.oem4f (.text:updateRtTable)
                  0000e768    00000062               : ipin.oem4f (.text:IPRouteIP)
                  0000e7ca    00000002     --HOLE-- [fill = 0]
                  0000e7cc    00000062               : sb.oem4f (.text:SBNew)
                  0000e82e    00000002     --HOLE-- [fill = 0]
                  0000e830    00000060     nettool_ipv4.aem4f : config.oem4f (.text:CfgGetEntryCnt)
                  0000e890    00000060     stk.aem4f : file.oem4f (.text:FdWaitEvent)
                  0000e8f0    00000060               : nimu.oem4f (.text:NIMUUnregister)
                  0000e950    00000060               : node.oem4f (.text:NodeFind)
                  0000e9b0    00000060               : rtc.oem4f (.text:RTCMsg)
                  0000ea10    00000060               : tcp.oem4f (.text:TcpChecksum)
                  0000ea70    00000060     nettool_ipv4.aem4f : dhcptags.oem4f (.text:dhcpBuildOptions)
                  0000ead0    00000060     httpget_pem4f.oem4f (.text:ti_ndk_config_Global_serviceReport)
                  0000eb30    0000005e     stk.aem4f : route.oem4f (.text:RtRemove)
                  0000eb8e    0000005e     nettool_ipv4.aem4f : dhcpsm.oem4f (.text:StateSelecting)
                  0000ebec    0000005e     stk.aem4f : vlan.oem4f (.text:VLANReceivePacket)
                  0000ec4a    00000002     --HOLE-- [fill = 0]
                  0000ec4c    0000005c     nettool_ipv4.aem4f : config.oem4f (.text:CfgSetExecuteOrder)
                  0000eca8    0000005c     stk.aem4f : nimu.oem4f (.text:NIMUIoctlSpecialCmd)
                  0000ed04    0000005c     netctrl_min_ipv4.aem4f : netsrv.oem4f (.text:SPService)
                  0000ed60    0000005c     httpget_pem4f.oem4f (.text:ti_sysbios_knl_Swi_create)
                  0000edbc    00000004     stk.aem4f : listlib.oem4f (.text:list_get_head)
                  0000edc0    0000005c     sysbios.aem4f : BIOS.obj (.text:ti_sysbios_knl_Swi_run__I)
                  0000ee1c    00000004     stk.aem4f : listlib.oem4f (.text:list_get_next)
                  0000ee20    0000005c     sysbios.aem4f : BIOS.obj (.text:ti_sysbios_knl_Swi_schedule__I)
                  0000ee7c    0000005c     httpget_pem4f.oem4f (.text:ti_sysbios_knl_Task_create)
                  0000eed8    0000005c     sysbios.aem4f : BIOS.obj (.text:ti_sysbios_knl_Task_unblockI__E)
                  0000ef34    0000005b     ti.targets.arm.rtsarm.aem4f : Text.oem4f (.text:xdc_runtime_Text_putLab__E)
                  0000ef8f    00000001     --HOLE-- [fill = 0]
                  0000ef90    0000005a     stk.aem4f : route.oem4f (.text:RtRedirect)
                  0000efea    0000005a               : tcpprot.oem4f (.text:TcpValidateMetrics)
                  0000f044    0000005a     nettool_ipv4.aem4f : dhcpbild.oem4f (.text:dhcpBuildDecline)
                  0000f09e    0000005a     os.aem4f : mem.oem4f (.text:mmCopy)
                  0000f0f8    0000005a     httpget_pem4f.oem4f (.text:ti_ndk_config_tcp_init)
                  0000f152    00000002     --HOLE-- [fill = 0]
                  0000f154    00000058     stk.aem4f : bind.oem4f (.text:BindFree)
                  0000f1ac    00000058     boot.aem4f : boot.oem4f (.text)
                  0000f204    00000058     driverlib.lib : emac.obj (.text:EMACPHYConfigSet)
                  0000f25c    00000058     rtsv7M4_T_le_v4SPD16_eabi.lib : hostwrite.c.obj (.text:HOSTwrite)
                  0000f2b4    00000058     stk.aem4f : igmp.oem4f (.text:IGMPTimer)
                  0000f30c    00000058     os.aem4f : semaphore.oem4f (.text:SemCreate)
                  0000f364    00000058     sysbios.aem4f : m3_Hwi_asm_switch.obj (.text:ti_sysbios_family_arm_m3_Hwi_initStacks__E)
                  0000f3bc    00000056     driverlib.lib : gpio.obj (.text:GPIOIntTypeSet)
                  0000f412    00000056     rtsv7M4_T_le_v4SPD16_eabi.lib : _printfi.c.obj (.text:_pconv_f)
                  0000f468    00000054     nettool_ipv4.aem4f : config.oem4f (.text:CfgEntryDeRef)
                  0000f4bc    00000054     stk.aem4f : igmp.oem4f (.text:IGMPLeave)
                  0000f510    00000054     httpget.obj (.text:PinInit)
                  0000f564    00000054     stk.aem4f : rawethsock_pcb.oem4f (.text:RawEthSockPcbAttach)
                  0000f5b8    00000054               : sockpcb.oem4f (.text:SockCleanPcb)
                  0000f60c    00000054               : tcptime.oem4f (.text:TcpTimeoutPersist)
                  0000f660    00000054     rtsv7M4_T_le_v4SPD16_eabi.lib : _ltoa.c.obj (.text:__TI_ltoa)
                  0000f6b4    00000004     httpget_pem4f.oem4f (.text:ti_sysbios_BIOS_RtsGateProxy_enter__E)
                  0000f6b8    00000054     sysbios.aem4f : BIOS.obj (.text:ti_sysbios_family_arm_lm4_Timer_initDevice__I)
                  0000f70c    00000004     httpget_pem4f.oem4f (.text:ti_sysbios_BIOS_RtsGateProxy_leave__E)
                  0000f710    00000054     sysbios.aem4f : BIOS.obj (.text:ti_sysbios_knl_Swi_Instance_init__E)
                  0000f764    00000054     ti.targets.arm.rtsarm.aem4f : Assert.oem4f (.text:xdc_runtime_Assert_raise__I)
                  0000f7b8    00000052     stk.aem4f : tcpprot.oem4f (.text:TcpPrDetach)
                  0000f80a    00000052     rtsv7M4_T_le_v4SPD16_eabi.lib : _printfi.c.obj (.text:_ecpy)
                  0000f85c    00000050     drivers_tivaware.aem4f : GPIOTiva.oem4f (.text:GPIO_setCallback)
                  0000f8ac    00000050                            : GPIOTiva.oem4f (.text:GPIO_write)
                  0000f8fc    00000050     stk.aem4f : socket.oem4f (.text:NDK_bind)
                  0000f94c    00000050               : socket.oem4f (.text:NDK_connect)
                  0000f99c    00000050               : route.oem4f (.text:RtNew)
                  0000f9ec    00000050     driverlib.lib : sysctl.obj (.text:SysCtlPeripheralReset)
                  0000fa3c    00000050     Boot.aem4f : Boot_sysctl.oem4f (.text:_SysCtlFrequencyGet)
                  0000fa8c    00000050     httpget.obj (.text:socketTask)
                  0000fadc    00000004     sysbios.aem4f : BIOS.obj (.text:ti_sysbios_family_arm_lm4_Timer_masterEnable__I)
                  0000fae0    00000050                   : BIOS.obj (.text:ti_sysbios_family_arm_m3_Hwi_Module_startup__E)
                  0000fb30    00000050     ti.targets.arm.rtsarm.aem4f : Startup.oem4f (.text:xdc_runtime_Startup_exec__E)
                  0000fb80    00000050                                 : Text.oem4f (.text:xdc_runtime_Text_visitRope2__I)
                  0000fbd0    0000004e     stk.aem4f : node.oem4f (.text:NodeDeRef)
                  0000fc1e    0000004e     nettool_ipv4.aem4f : config.oem4f (.text:_CfgEntryScan)
                  0000fc6c    0000004c                        : ipaddr.oem4f (.text:NtAddNetwork)
                  0000fcb8    0000004c     stk.aem4f : sockint.oem4f (.text:SockValidateRoute)
                  0000fd04    0000004c     rtsv7M4_T_le_v4SPD16_eabi.lib : atoi.c.obj (.text:atoi)
                  0000fd50    0000004c                                   : cpy_tbl.c.obj (.text:copy_in)
                  0000fd9c    0000004c                                   : snprintf.c.obj (.text:snprintf)
                  0000fde8    0000004c     sysbios.aem4f : BIOS.obj (.text:ti_sysbios_heaps_HeapMem_getStats__E)
                  0000fe34    00000004     httpget_pem4f.oem4f (.text:ti_sysbios_family_arm_m3_Hwi_delete)
                  0000fe38    0000004c     sysbios.aem4f : BIOS.obj (.text:ti_sysbios_knl_Swi_runLoop__I)
                  0000fe84    00000004     httpget_pem4f.oem4f (.text:ti_sysbios_family_arm_m3_TaskSupport_Module__startupDone__S)
                  0000fe88    0000004c     sysbios.aem4f : BIOS.obj (.text:ti_sysbios_knl_Task_allBlockedFunction__I)
                  0000fed4    0000004a     netctrl_min_ipv4.aem4f : netsrv.oem4f (.text:ServiceKill)
                  0000ff1e    0000004a     stk.aem4f : sock.oem4f (.text:SockDisconnect)
                  0000ff68    0000004a               : timer.oem4f (.text:TimerNew)
                  0000ffb2    00000048     nettool_ipv4.aem4f : config.oem4f (.text:CfgNew)
                  0000fffa    00000002     --HOLE-- [fill = 0]
                  0000fffc    00000048     driverlib.lib : gpio.obj (.text:GPIOPinConfigure)
                  00010044    00000048     stk.aem4f : lli.oem4f (.text:LLIMsg)
                  0001008c    00000048               : node.oem4f (.text:NodeWalk)
                  000100d4    00000048               : rawethsock_pcb.oem4f (.text:RawEthSockPcbDetach)
                  0001011c    00000048               : sockpcb.oem4f (.text:SockPcbResolveChain)
                  00010164    00000048               : tcpprot.oem4f (.text:TcpDrop)
                  000101ac    00000048               : lli.oem4f (.text:_LLIExpListInsert)
                  000101f4    00000048               : rtable.oem4f (.text:_RtExpListInsert)
                  0001023c    00000048               : file.oem4f (.text:fdint_lockfd)
                  00010284    00000048     rtsv7M4_T_le_v4SPD16_eabi.lib : fd_toi_t2.asm.obj (.text)
                  000102cc    00000004     httpget_pem4f.oem4f (.text:ti_sysbios_heaps_HeapMem_Module_GateProxy_enter__E)
                  000102d0    00000048     sysbios.aem4f : BIOS.obj (.text:ti_sysbios_family_arm_lm4_Timer_enableTimers__I)
                  00010318    00000048                   : BIOS.obj (.text:ti_sysbios_family_arm_m3_Hwi_disableInterrupt__E)
                  00010360    00000048                   : BIOS.obj (.text:ti_sysbios_family_arm_m3_Hwi_enableInterrupt__E)
                  000103a8    00000048                   : BIOS.obj (.text:ti_sysbios_family_arm_m3_Hwi_excReserved__I)
                  000103f0    00000048                   : BIOS.obj (.text:ti_sysbios_knl_Mailbox_Module_startup__E)
                  00010438    00000048                   : BIOS.obj (.text:ti_sysbios_knl_Task_deleteTerminatedTasksFunc__I)
                  00010480    00000046     nettool_ipv4.aem4f : ipaddr.oem4f (.text:NtIfIdx2Ip)
                  000104c6    00000046     stk.aem4f : rawethsock.oem4f (.text:RawEthSockSend)
                  0001050c    00000046               : tcpprot.oem4f (.text:TcpPrCtlError)
                  00010552    00000046     os.aem4f : mem.oem4f (.text:mmZeroInit)
                  00010598    00000046     ti.targets.arm.rtsarm.aem4f : Core-params.oem4f (.text:xdc_runtime_Core_assignParams__I)
                  000105de    00000002     --HOLE-- [fill = 0]
                  000105e0    00000044     drivers_tivaware.aem4f : EMACSnow.oem4f (.text:EMACSnow_processTransmitted)
                  00010624    00000044     stk.aem4f : icmp.oem4f (.text:ICMPChecksum)
                  00010668    00000044               : ipfrag.oem4f (.text:IPReasmFree)
                  000106ac    00000044               : lli.oem4f (.text:LLIGetValidTime)
                  000106f0    00000044               : rtable.oem4f (.text:RouteMsg)
                  00010734    00000044               : rtable.oem4f (.text:RtWalkEnd)
                  00010778    00000044               : sockpcb.oem4f (.text:SockPcbDetach)
                  000107bc    00000044               : timer.oem4f (.text:TimerListInsert)
                  00010800    00000044     hal_timer_bios.aem4f : lltimer.oem4f (.text:llTimerGetTime)
                  00010844    00000004     httpget_pem4f.oem4f (.text:ti_sysbios_heaps_HeapMem_Module_GateProxy_leave__E)
                  00010848    00000044     sysbios.aem4f : BIOS.obj (.text:ti_sysbios_family_arm_lm4_Timer_isrStub__E)
                  0001088c    00000004     httpget_pem4f.oem4f (.text:ti_sysbios_knl_Clock_TimerProxy_getMaxTicks__E)
                  00010890    00000044     sysbios.aem4f : BIOS.obj (.text:ti_sysbios_family_arm_m3_Hwi_getStackInfo__E)
                  000108d4    00000004     httpget_pem4f.oem4f (.text:ti_sysbios_knl_Queue_destruct)
                  000108d8    00000044     sysbios.aem4f : BIOS.obj (.text:ti_sysbios_knl_Swi_post__E)
                  0001091c    00000044     ti.targets.arm.rtsarm.aem4f : Error.oem4f (.text:xdc_runtime_Error_setX__E)
                  00010960    00000044                                 : SysMin.oem4f (.text:xdc_runtime_SysMin_flush__E)
                  000109a4    00000044                                 : Text.oem4f (.text:xdc_runtime_Text_xprintf__I)
                  000109e8    00000042     stk.aem4f : tcpprot.oem4f (.text:TcpPrSendOOB)
                  00010a2a    00000042               : fileuser.oem4f (.text:fdCloseSession)
                  00010a6c    00000040               : lliin.oem4f (.text:LLIValidateRoute)
                  00010aac    00000040               : pbm.oem4f (.text:PBM_copy)
                  00010aec    00000040               : sockpcb.oem4f (.text:SockPcbRtChange)
                  00010b2c    00000040               : tcpprot.oem4f (.text:TcpPrSend)
                  00010b6c    00000040     rtsv7M4_T_le_v4SPD16_eabi.lib : u_divt2.asm.obj (.text)
                  00010bac    00000040                                   : sprintf.c.obj (.text:sprintf)
                  00010bec    00000004     httpget_pem4f.oem4f (.text:ti_sysbios_knl_Semaphore_delete)
                  00010bf0    00000040     sysbios.aem4f : BIOS.obj (.text:ti_sysbios_family_arm_lm4_Timer_Module_startup__E)
                  00010c30    00000040                   : BIOS.obj (.text:ti_sysbios_family_arm_lm4_Timer_startup__E)
                  00010c70    00000040                   : BIOS.obj (.text:ti_sysbios_heaps_HeapMem_Instance_init__E)
                  00010cb0    0000003e     nettool_ipv4.aem4f : dhcpmain.oem4f (.text:DHCPClose)
                  00010cee    00000002     --HOLE-- [fill = 0]
                  00010cf0    0000003e     stk.aem4f : nimu.oem4f (.text:NIMUAllocateName)
                  00010d2e    0000003e     os.aem4f : task.oem4f (.text:TaskCreate)
                  00010d6c    0000003e     stk.aem4f : tcpprot.oem4f (.text:TcpPrDisconnect)
                  00010daa    0000003e     rtsv7M4_T_le_v4SPD16_eabi.lib : _printfi.c.obj (.text:_fcpy)
                  00010de8    0000003e     stk.aem4f : file.oem4f (.text:fdint_unlockfd)
                  00010e26    0000003c     nettool_ipv4.aem4f : config.oem4f (.text:CfgEntryGetData)
                  00010e62    0000003c     driverlib.lib : emac.obj (.text:EMACIntDisable)
                  00010e9e    0000003c     stk.aem4f : node.oem4f (.text:NodeUpdatePL)
                  00010eda    00000002     --HOLE-- [fill = 0]
                  00010edc    0000003c               : rtable.oem4f (.text:RtWalkBegin)
                  00010f18    0000003c               : tcpprot.oem4f (.text:TcpPrConnect)
                  00010f54    0000003c               : tcptime.oem4f (.text:TcpSetPersist)
                  00010f90    0000003c               : rtc.oem4f (.text:_RTCSendRtAdv)
                  00010fcc    0000003c               : rtable.oem4f (.text:_RtNodeRemove)
                  00011008    0000003c     hal_timer_bios.aem4f : lltimer.oem4f (.text:_llTimerInit)
                  00011044    00000004     httpget_pem4f.oem4f (.text:ti_sysbios_knl_Semaphore_destruct)
                  00011048    0000003c     sysbios.aem4f : BIOS.obj (.text:ti_sysbios_family_arm_m3_Hwi_excSvCall__I)
                  00011084    00000004     httpget_pem4f.oem4f (.text:ti_sysbios_knl_Swi_delete)
                  00011088    0000003c     sysbios.aem4f : BIOS.obj (.text:ti_sysbios_heaps_HeapMem_init__I)
                  000110c4    00000004     httpget_pem4f.oem4f (.text:ti_sysbios_knl_Task_delete)
                  000110c8    0000003c     sysbios.aem4f : BIOS.obj (.text:ti_sysbios_knl_Clock_Instance_init__E)
                  00011104    00000004     ti.targets.arm.rtsarm.aem4f : Error.oem4f (.text:xdc_runtime_Error_getMsg__E)
                  00011108    0000003c     sysbios.aem4f : BIOS.obj (.text:ti_sysbios_knl_Swi_restore__E)
                  00011144    0000003a     driverlib.lib : emac.obj (.text:EMACIntEnable)
                  0001117e    00000002     --HOLE-- [fill = 0]
                  00011180    00000038                   : emac.obj (.text:EMACConfigGet)
                  000111b8    00000038     stk.aem4f : ipfrag.oem4f (.text:IPReasmTimeout)
                  000111f0    00000038               : node.oem4f (.text:NodeGetRt)
                  00011228    00000038     driverlib.lib : sysctl.obj (.text:SysCtlPeripheralReady)
                  00011260    00000038     stk.aem4f : tcpprot.oem4f (.text:TcpClose)
                  00011298    00000038               : timer.oem4f (.text:TimerHSTick)
                  000112d0    00000038     rtsv7M4_T_le_v4SPD16_eabi.lib : trgmsg.c.obj (.text:__TI_writemsg)
                  00011308    00000038     nettool_ipv4.aem4f : dhcpbild.oem4f (.text:dhcpBuildDiscover)
                  00011340    00000038                        : dhcptags.oem4f (.text:dhcpOptionsClear)
                  00011378    00000038     stk.aem4f : file.oem4f (.text:fdint_waitevent)
                  000113b0    00000038     sysbios.aem4f : BIOS.obj (.text:ti_sysbios_family_arm_m3_Hwi_excNoIsr__I)
                  000113e8    00000038     httpget_pem4f.oem4f (.text:ti_sysbios_knl_Clock_create)
                  00011420    00000038     ti.targets.arm.rtsarm.aem4f : SysMin.oem4f (.text:xdc_runtime_SysMin_putch__E)
                  00011458    00000038                                 : System.oem4f (.text:xdc_runtime_System_atexit__E)
                  00011490    00000036     stk.aem4f : ip.oem4f (.text:IPChecksum)
                  000114c6    00000002     --HOLE-- [fill = 0]
                  000114c8    00000035     httpget.obj (.text:printError)
                  000114fd    00000003     --HOLE-- [fill = 0]
                  00011500    00000034     nettool_ipv4.aem4f : config.oem4f (.text:CfgSetService)
                  00011534    00000034     driverlib.lib : emac.obj (.text:EMACConfigSet)
                  00011568    00000034                   : emac.obj (.text:EMACIntClear)
                  0001159c    00000034     drivers_tivaware.aem4f : EMACSnow.oem4f (.text:EMACSnow_emacPoll)
                  000115d0    00000034                            : EMACSnow.oem4f (.text:EMACSnow_isLinkUp)
                  00011604    00000034                            : EMAC.oem4f (.text:EMAC_init)
                  00011638    00000034     stk.aem4f : exec.oem4f (.text:ExecClose)
                  0001166c    00000034               : nimu.oem4f (.text:NIMUFindByName)
                  000116a0    00000034               : nimu.oem4f (.text:NIMUInit)
                  000116d4    00000034               : rawethsock.oem4f (.text:RawEthSockNotify)
                  00011708    00000034               : sockprot.oem4f (.text:SockPrCtlError)
                  0001173c    00000034     driverlib.lib : sysctl.obj (.text:SysCtlPeripheralDisable)
                  00011770    00000034                   : sysctl.obj (.text:SysCtlPeripheralEnable)
                  000117a4    00000034     rtsv7M4_T_le_v4SPD16_eabi.lib : trgmsg.c.obj (.text:__TI_readmsg)
                  000117d8    00000034     os.aem4f : mem.oem4f (.text:mmUnInitPage)
                  0001180c    00000004     ti.targets.arm.rtsarm.aem4f : Error.oem4f (.text:xdc_runtime_Error_getSite__E)
                  00011810    00000034     sysbios.aem4f : BIOS.obj (.text:ti_sysbios_family_arm_m3_Hwi_Instance_finalize__E)
                  00011844    00000004     httpget_pem4f.oem4f (.text:xdc_runtime_System_Module_GateProxy_enter__E)
                  00011848    00000034     sysbios.aem4f : BIOS.obj (.text:ti_sysbios_family_arm_m3_Hwi_excNmi__I)
                  0001187c    00000004     httpget_pem4f.oem4f (.text:xdc_runtime_System_Module_GateProxy_leave__E)
                  00011880    00000034     sysbios.aem4f : BIOS.obj (.text:ti_sysbios_hal_Hwi_checkStack)
                  000118b4    00000034     httpget_pem4f.oem4f (.text:ti_sysbios_knl_Semaphore_create)
                  000118e8    00000034     ti.targets.arm.rtsarm.aem4f : Core-label.oem4f (.text:xdc_runtime_Core_assignLabel__I)
                  0001191c    00000033                                 : Text.oem4f (.text:xdc_runtime_Text_printVisFxn__I)
                  0001194f    00000001     --HOLE-- [fill = 0]
                  00011950    00000032     nettool_ipv4.aem4f : config.oem4f (.text:CfgGetImmediate)
                  00011982    00000032     stk.aem4f : route.oem4f (.text:RtDeRef)
                  000119b4    00000032               : route.oem4f (.text:RtSetFailure)
                  000119e6    00000032               : sb.oem4f (.text:SBFlush)
                  00011a18    00000032               : sb.oem4f (.text:SBSetMax)
                  00011a4a    00000032               : sock.oem4f (.text:SockIntAbort)
                  00011a7c    00000032     nettool_ipv4.aem4f : config.oem4f (.text:_CfgAcquire)
                  00011aae    00000032                        : dhcpsm.oem4f (.text:dhcpIPRemove)
                  00011ae0    00000032     sysbios.aem4f : BIOS.obj (.text:ti_sysbios_hal_Hwi_initStack)
                  00011b12    00000006     driverlib.lib : emac.obj (.text:EMACRxDMADescriptorListSet)
                  00011b18    00000032     sysbios.aem4f : BIOS.obj (.text:ti_sysbios_knl_Event_pendTimeout__I)
                  00011b4a    00000006     driverlib.lib : emac.obj (.text:EMACTxDMADescriptorListSet)
                  00011b50    00000032     sysbios.aem4f : BIOS.obj (.text:ti_sysbios_knl_Semaphore_pendTimeout__I)
                  00011b82    00000030     driverlib.lib : emac.obj (.text:EMACAddrSet)
                  00011bb2    00000002     --HOLE-- [fill = 0]
                  00011bb4    00000030     drivers_tivaware.aem4f : EMACSnow.oem4f (.text:EMACSnow_handlePackets)
                  00011be4    00000030     netctrl_min_ipv4.aem4f : netsrv.oem4f (.text:NS_PreBoot)
                  00011c14    00000030     stk.aem4f : sock.oem4f (.text:SockBind)
                  00011c44    00000030     rtsv7M4_T_le_v4SPD16_eabi.lib : snprintf.c.obj (.text:_outs)
                  00011c74    00000030     nettool_ipv4.aem4f : dhcpsock.oem4f (.text:dhcpPacketSend)
                  00011ca4    00000030     stk.aem4f : listlib.oem4f (.text:list_remove_node)
                  00011cd4    00000030     httpget_pem4f.oem4f (.text:ti_sysbios_BIOS_atExitFunc__I)
                  00011d04    00000004     ti.targets.arm.rtsarm.aem4f : System.oem4f (.text:xdc_runtime_System_aprintf_va__F)
                  00011d08    00000030     sysbios.aem4f : BIOS.obj (.text:ti_sysbios_family_arm_lm4_Timer_stop__E)
                  00011d38    00000030                   : BIOS.obj (.text:ti_sysbios_family_arm_m3_TaskSupport_start__E)
                  00011d68    00000030     httpget_pem4f.oem4f (.text:ti_sysbios_gates_GateHwi_Object__create__S)
                  00011d98    00000030     httpget_pem4f.oem4f (.text:ti_sysbios_gates_GateMutex_Object__create__S)
                  00011dc8    00000030     sysbios.aem4f : BIOS.obj (.text:ti_sysbios_gates_GateMutex_enter__E)
                  00011df8    00000030     httpget_pem4f.oem4f (.text:ti_sysbios_heaps_HeapMem_Object__create__S)
                  00011e28    00000030     sysbios.aem4f : BIOS.obj (.text:ti_sysbios_knl_Mailbox_postInit__I)
                  00011e58    00000030     httpget_pem4f.oem4f (.text:ti_sysbios_knl_Semaphore_construct)
                  00011e88    00000030     sysbios.aem4f : BIOS.obj (.text:ti_sysbios_knl_Task_processVitalTaskFlag__I)
                  00011eb8    00000030     ti.targets.arm.rtsarm.aem4f : SysMin.oem4f (.text:xdc_runtime_SysMin_abort__E)
                  00011ee8    00000030                                 : System.oem4f (.text:xdc_runtime_System_processAtExit__E)
                  00011f18    0000002e     stk.aem4f : sb.oem4f (.text:SBFree)
                  00011f46    0000002e     rtsv7M4_T_le_v4SPD16_eabi.lib : i_tofd_t2.asm.obj (.text)
                  00011f74    0000002c     driverlib.lib : emac.obj (.text:EMACIntStatus)
                  00011fa0    0000002c     stk.aem4f : file.oem4f (.text:FdSignalEvent)
                  00011fcc    0000002c               : igmp.oem4f (.text:IGMPTestGroup)
                  00011ff8    0000002c     os.aem4f : task.oem4f (.text:NDK_hookCreate)
                  00012024    0000002c     stk.aem4f : nimu.oem4f (.text:NIMUAllocateIndex)
                  00012050    0000002c               : nimu.oem4f (.text:NIMUPacketServiceCheck)
                  0001207c    0000002c               : pipe.oem4f (.text:PipeClose)
                  000120a8    0000002c               : sockpcb.oem4f (.text:SockPcbAttach)
                  000120d4    0000002c               : lli.oem4f (.text:_LLIExpListRemove)
                  00012100    0000002c               : lli.oem4f (.text:_LLITimeoutFlush)
                  0001212c    0000002c               : rtable.oem4f (.text:_RtExpListRemove)
                  00012158    0000002c     httpget_pem4f.oem4f (.text:ti_sysbios_knl_Clock_doTick__I)
                  00012184    0000002c     httpget_pem4f.oem4f (.text:ti_sysbios_knl_Queue_construct)
                  000121b0    0000002c     sysbios.aem4f : BIOS.obj (.text:ti_sysbios_knl_Task_restore__E)
                  000121dc    0000002c     ti.targets.arm.rtsarm.aem4f : Text.oem4f (.text:xdc_runtime_Text_cordText__E)
                  00012208    0000002a     driverlib.lib : gpio.obj (.text:GPIODirModeSet)
                  00012232    0000002a     stk.aem4f : pbm.oem4f (.text:PBMQ_deq)
                  0001225c    0000002a     netctrl_min_ipv4.aem4f : netsrv.oem4f (.text:ServiceCallback)
                  00012286    0000002a     nettool_ipv4.aem4f : config.oem4f (.text:_CfgRelease)
                  000122b0    0000002a     ti.targets.arm.rtsarm.aem4f : System.oem4f (.text:xdc_runtime_System_putchar__I)
                  000122da    00000002     --HOLE-- [fill = 0]
                  000122dc    00000028     stk.aem4f : bind.oem4f (.text:BindFindByNet)
                  00012304    00000028               : lli.oem4f (.text:LLIFree)
                  0001232c    00000028     netctrl_min_ipv4.aem4f : netctrl.oem4f (.text:NC_SystemClose)
                  00012354    00000028     stk.aem4f : nimu.oem4f (.text:NIMUCreatePacket)
                  0001237c    00000028               : nimu.oem4f (.text:NIMUPacketService)
                  000123a4    00000028               : tcpin.oem4f (.text:TcpEnterTimeWait)
                  000123cc    00000028               : timer.oem4f (.text:TimerListRemove)
                  000123f4    00000028               : vlan.oem4f (.text:VLANFindSourceInterface)
                  0001241c    00000028               : vlan.oem4f (.text:VLANInit)
                  00012444    00000028     nettool_ipv4.aem4f : dhcpsock.oem4f (.text:dhcpPacketReceive)
                  0001246c    00000028     drivers_tivaware.aem4f : EMACSnow.oem4f (.text:signalLinkChange)
                  00012494    00000004     ti.targets.arm.rtsarm.aem4f : System.oem4f (.text:xdc_runtime_System_printf_va__F)
                  00012498    00000028     sysbios.aem4f : BIOS.obj (.text:ti_sysbios_knl_Clock_addI__E)
                  000124c0    00000028                   : BIOS.obj (.text:ti_sysbios_knl_Swi_Module_startup__E)
                  000124e8    00000026     nettool_ipv4.aem4f : config.oem4f (.text:CfgEntryInfo)
                  0001250e    00000026     driverlib.lib : emac.obj (.text:EMACPHYRead)
                  00012534    00000026                   : emac.obj (.text:EMACPHYWrite)
                  0001255a    00000026     stk.aem4f : rawethsock.oem4f (.text:RawEthSockClose)
                  00012580    00000026     sysbios.aem4f : m3_Hwi_asm.obj (.text:ti_sysbios_family_arm_m3_Hwi_pendSV__I)
                  000125a6    00000026     ti.targets.arm.rtsarm.aem4f : System.oem4f (.text:xdc_runtime_System_avprintf__E)
                  000125cc    00000024     stk.aem4f : bind.oem4f (.text:BindFindByHost)
                  000125f0    00000024               : bind.oem4f (.text:BindGetIFByDBCast)
                  00012614    00000024     drivers_tivaware.aem4f : EMACSnow.oem4f (.text:EMACSnow_pkt_service)
                  00012638    00000024                            : EMACSnow.oem4f (.text:EMACSnow_primeRx)
                  0001265c    00000024     stk.aem4f : exec.oem4f (.text:ExecTimer)
                  00012680    00000024               : nimu.oem4f (.text:NIMUFindByIndex)
                  000126a4    00000024               : rtc.oem4f (.text:RTCAddHook)
                  000126c8    00000024               : rawethsock_pcb.oem4f (.text:RawEthSockPcbFind)
                  000126ec    00000024               : route.oem4f (.text:RtFree)
                  00012710    00000024               : route.oem4f (.text:RtSetTimeout)
                  00012734    00000024               : sockpcb.oem4f (.text:SockPcbCleanup)
                  00012758    00000024               : tcptime.oem4f (.text:TcpTimeoutWait2)
                  0001277c    00000024     nettool_ipv4.aem4f : config.oem4f (.text:_CfgEntryProcess)
                  000127a0    00000024     httpget_pem4f.oem4f (.text:ti_sysbios_BIOS_errorRaiseHook__I)
                  000127c4    00000024     httpget_pem4f.oem4f (.text:ti_sysbios_BIOS_registerRTSLock__I)
                  000127e8    00000024     httpget_pem4f.oem4f (.text:ti_sysbios_BIOS_removeRTSLock__I)
                  0001280c    00000024     httpget_pem4f.oem4f (.text:ti_sysbios_BIOS_startFunc__I)
                  00012830    00000024     httpget_pem4f.oem4f (.text:ti_sysbios_gates_GateMutex_Object__delete__S)
                  00012854    00000004     --HOLE-- [fill = 0]
                  00012858    00000024     sysbios.aem4f : BIOS.obj (.text:ti_sysbios_knl_Clock_Module_startup__E)
                  0001287c    00000004     --HOLE-- [fill = 0]
                  00012880    00000024                   : BIOS.obj (.text:ti_sysbios_knl_Clock_start__E)
                  000128a4    00000004     --HOLE-- [fill = 0]
                  000128a8    00000024                   : BIOS.obj (.text:ti_sysbios_knl_Semaphore_Instance_init__E)
                  000128cc    00000024     httpget_pem4f.oem4f (.text:ti_sysbios_knl_Semaphore_Object__delete__S)
                  000128f0    00000024     sysbios.aem4f : BIOS.obj (.text:ti_sysbios_knl_Task_restoreHwi__E)
                  00012914    00000024     ti.targets.arm.rtsarm.aem4f : System.oem4f (.text:xdc_runtime_System_vprintf__E)
                  00012938    00000022     nettool_ipv4.aem4f : config.oem4f (.text:CfgEntryRef)
                  0001295a    00000022     stk.aem4f : vlan.oem4f (.text:VLANFindNode)
                  0001297c    00000004     --HOLE-- [fill = 0]
                  00012980    00000022     sysbios.aem4f : BIOS.obj (.text:ti_sysbios_family_arm_lm4_Timer_write__I)
                  000129a2    00000022     httpget_pem4f.oem4f (.text:xdc_runtime_SysMin_output__I)
                  000129c4    00000020     netctrl_min_ipv4.aem4f : netctrl.oem4f (.text:NC_BootComplete)
                  000129e4    00000020     stk.aem4f : nimu.oem4f (.text:NIMUGetNumOfObject)
                  00012a04    00000020               : rtc.oem4f (.text:RTCRemoveHook)
                  00012a24    00000020               : tcp.oem4f (.text:TcpTimeoutRemove)
                  00012a44    00000020     httpget.obj (.text:Timer_ISR)
                  00012a64    00000020     Boot.aem4f : Boot_sysctl.oem4f (.text:_SysCtlMemTimingGet)
                  00012a84    00000020     httpget_pem4f.oem4f (.text:ti_sysbios_BIOS_rtsLock__I)
                  00012aa4    00000004     --HOLE-- [fill = 0]
                  00012aa8    00000020     sysbios.aem4f : BIOS.obj (.text:ti_sysbios_family_arm_lm4_Timer_postInit__I)
                  00012ac8    00000020     httpget_pem4f.oem4f (.text:ti_sysbios_family_arm_m3_Hwi_Object__delete__S)
                  00012ae8    00000020     sysbios.aem4f : m3_Hwi_asm.obj (.text:ti_sysbios_family_arm_m3_Hwi_excHandlerAsm__I)
                  00012b08    00000020                   : BIOS.obj (.text:ti_sysbios_family_arm_m3_Hwi_excHandler__I)
                  00012b28    00000020     httpget_pem4f.oem4f (.text:ti_sysbios_gates_GateHwi_Object__delete__S)
                  00012b48    00000020     httpget_pem4f.oem4f (.text:ti_sysbios_heaps_HeapMem_Object__delete__S)
                  00012b68    00000020     sysbios.aem4f : BIOS.obj (.text:ti_sysbios_knl_Idle_run__E)
                  00012b88    00000020     httpget_pem4f.oem4f (.text:ti_sysbios_knl_Semaphore_Object__destruct__S)
                  00012ba8    00000020     httpget_pem4f.oem4f (.text:ti_sysbios_knl_Swi_Object__delete__S)
                  00012bc8    00000020     httpget_pem4f.oem4f (.text:ti_sysbios_knl_Task_Object__delete__S)
                  00012be8    00000020     ti.targets.arm.rtsarm.aem4f : Registry.oem4f (.text:xdc_runtime_Registry_findById__E)
                  00012c08    00000020                                 : SysMin.oem4f (.text:xdc_runtime_SysMin_Module_startup__E)
                  00012c28    0000001e     stk.aem4f : listlib.oem4f (.text:list_remove)
                  00012c46    0000001e     httpget.obj (.text:recv)
                  00012c64    0000001e     httpget.obj (.text:send)
                  00012c82    0000001e     rtsv7M4_T_le_v4SPD16_eabi.lib : strcat.c.obj (.text:strcat)
                  00012ca0    0000001e     sysbios.aem4f : m3_Hwi_asm_switch.obj (.text:ti_sysbios_family_xxx_Hwi_switchAndRunFunc)
                  00012cbe    00000002     --HOLE-- [fill = 0]
                  00012cc0    0000001c     stk.aem4f : bind.oem4f (.text:BindFindByIF)
                  00012cdc    0000001c               : exec.oem4f (.text:ExecBroadcast)
                  00012cf8    0000001c     os.aem4f : ossys.oem4f (.text:NDK_sprintf)
                  00012d14    0000001c     stk.aem4f : nimu.oem4f (.text:NIMUAddHeader)
                  00012d30    0000001c               : sockprot.oem4f (.text:SockPrDetach)
                  00012d4c    0000001c     os.aem4f : task.oem4f (.text:TaskDestroy)
                  00012d68    0000001c     drivers_tivaware.aem4f : GPIOTiva.oem4f (.text:getGpioIntIndex)
                  00012d84    0000001c     rtsv7M4_T_le_v4SPD16_eabi.lib : memccpy.c.obj (.text:memccpy)
                  00012da0    0000001c     httpget_pem4f.oem4f (.text:ti_ndk_config_global_taskCreateHook)
                  00012dbc    00000004     --HOLE-- [fill = 0]
                  00012dc0    0000001c     sysbios.aem4f : BIOS.obj (.text:ti_sysbios_gates_GateMutex_Instance_init__E)
                  00012ddc    0000001c     httpget_pem4f.oem4f (.text:ti_sysbios_knl_Queue_Object__destruct__S)
                  00012df8    0000001c     sysbios.aem4f : BIOS.obj (.text:ti_sysbios_knl_Queue_get__E)
                  00012e14    00000004     --HOLE-- [fill = 0]
                  00012e18    0000001c                   : BIOS.obj (.text:ti_sysbios_knl_Queue_put__E)
                  00012e34    00000004     --HOLE-- [fill = 0]
                  00012e38    0000001c                   : BIOS.obj (.text:ti_sysbios_knl_Task_enter__I)
                  00012e54    0000001c     ti.targets.arm.rtsarm.aem4f : Error.oem4f (.text:xdc_runtime_Error_raiseX__E)
                  00012e70    0000001c                                 : Memory.oem4f (.text:xdc_runtime_Memory_valloc__E)
                  00012e8c    0000001c                                 : SysMin.oem4f (.text:xdc_runtime_SysMin_exit__E)
                  00012ea8    0000001c                                 : System.oem4f (.text:xdc_runtime_System_abort__E)
                  00012ec4    0000001a     stk.aem4f : bind.oem4f (.text:BindGetIP)
                  00012ede    0000001a               : sockint.oem4f (.text:SockSetOOBMark)
                  00012ef8    0000001a     rtsv7M4_T_le_v4SPD16_eabi.lib : s_copysign.c.obj (.text:copysign)
                  00012f12    0000001a     stk.aem4f : file.oem4f (.text:fdint_getfdt)
                  00012f2c    0000001a     httpget_pem4f.oem4f (.text:ti_sysbios_family_arm_m3_Hwi_Handle__label__S)
                  00012f46    0000001a     httpget_pem4f.oem4f (.text:ti_sysbios_gates_GateHwi_Handle__label__S)
                  00012f60    0000001a     httpget_pem4f.oem4f (.text:ti_sysbios_gates_GateMutex_Handle__label__S)
                  00012f7a    0000001a     httpget_pem4f.oem4f (.text:ti_sysbios_heaps_HeapMem_Handle__label__S)
                  00012f94    0000001a     httpget_pem4f.oem4f (.text:ti_sysbios_knl_Swi_Handle__label__S)
                  00012fae    0000001a     httpget_pem4f.oem4f (.text:ti_sysbios_knl_Task_Handle__label__S)
                  00012fc8    0000001a     sysbios.aem4f : BIOS.obj (.text:ti_sysbios_knl_Task_sleepTimeout__I)
                  00012fe2    0000001a     httpget_pem4f.oem4f (.text:xdc_runtime_System_aprintf__E)
                  00012ffc    0000001a     httpget_pem4f.oem4f (.text:xdc_runtime_System_printf__E)
                  00013016    00000002     --HOLE-- [fill = 0]
                  00013018    00000018     drivers_tivaware.aem4f : EMACSnow.oem4f (.text:EMACSnow_emacSend)
                  00013030    00000018     driverlib.lib : gpio.obj (.text:GPIOPinTypeGPIOOutput)
                  00013048    00000018     stk.aem4f : ip.oem4f (.text:IPRtChange)
                  00013060    00000018               : rawethsock_pcb.oem4f (.text:RawEthSockPcbCleanup)
                  00013078    00000018     nettool_ipv4.aem4f : ipaddr.oem4f (.text:RouteHook)
                  00013090    00000018     stk.aem4f : tcpin.oem4f (.text:SEQ_GEQ)
                  000130a8    00000018               : tcpout.oem4f (.text:SEQ_GEQ)
                  000130c0    00000018               : tcpin.oem4f (.text:SEQ_GT)
                  000130d8    00000018               : tcpout.oem4f (.text:SEQ_GT)
                  000130f0    00000018               : tcpin.oem4f (.text:SEQ_LEQ)
                  00013108    00000018               : tcpout.oem4f (.text:SEQ_LEQ)
                  00013120    00000018               : tcpin.oem4f (.text:SEQ_LT)
                  00013138    00000018               : tcpout.oem4f (.text:SEQ_LT)
                  00013150    00000018               : tcp.oem4f (.text:TcpTimeoutAdd)
                  00013168    00000018     rtsv7M4_T_le_v4SPD16_eabi.lib : args_main.c.obj (.text:_args_main)
                  00013180    00000018                                   : snprintf.c.obj (.text:_outc)
                  00013198    00000018                                   : sprintf.c.obj (.text:_outs)
                  000131b0    00000018     nettool_ipv4.aem4f : dhcpsock.oem4f (.text:dhcpSocketClose)
                  000131c8    00000018     stk.aem4f : listlib.oem4f (.text:list_add)
                  000131e0    00000018     rtsv7M4_T_le_v4SPD16_eabi.lib : strcmp.c.obj (.text:strcmp)
                  000131f8    00000018     httpget_pem4f.oem4f (.text:ti_sysbios_BIOS_rtsUnlock__I)
                  00013210    00000018     httpget_pem4f.oem4f (.text:ti_sysbios_family_arm_lm4_Timer_Module__startupDone__F)
                  00013228    00000018     httpget_pem4f.oem4f (.text:ti_sysbios_family_arm_m3_Hwi_Module__startupDone__F)
                  00013240    00000018     sysbios.aem4f : m3_TaskSupport_asm.obj (.text:ti_sysbios_family_arm_m3_TaskSupport_swap__E)
                  00013258    00000018                   : BIOS.obj (.text:ti_sysbios_gates_GateMutex_leave__E)
                  00013270    00000018                   : BIOS.obj (.text:ti_sysbios_knl_Task_unblock__E)
                  00013288    00000018     ti.targets.arm.rtsarm.aem4f : Error.oem4f (.text:xdc_runtime_Error_check__E)
                  000132a0    00000018                                 : System.oem4f (.text:xdc_runtime_System_exit__E)
                  000132b8    00000018                                 : Text.oem4f (.text:xdc_runtime_Text_ropeText__E)
                  000132d0    00000016     driverlib.lib : emac.obj (.text:EMACReset)
                  000132e6    00000016                   : emac.obj (.text:EMACRxEnable)
                  000132fc    00000016                   : emac.obj (.text:EMACTxEnable)
                  00013312    00000016     stk.aem4f : file.oem4f (.text:fdint_freefdt)
                  00013328    00000016     httpget.obj (.text:netIPAddrHook)
                  0001333e    00000016     rtsv7M4_T_le_v4SPD16_eabi.lib : strchr.c.obj (.text:strchr)
                  00013354    00000016     httpget_pem4f.oem4f (.text:ti_sysbios_BIOS_exitFunc__I)
                  0001336a    00000016     httpget.obj (.text:ti_sysbios_knl_Task_Params_init)
                  00013380    00000016     ti.targets.arm.rtsarm.aem4f : System.oem4f (.text:xdc_runtime_System_vsprintf__E)
                  00013396    00000014     stk.aem4f : bind.oem4f (.text:BindIPHost2IF)
                  000133aa    00000002     --HOLE-- [fill = 0]
                  000133ac    00000014     driverlib.lib : flash.obj (.text:FlashUserGet)
                  000133c0    00000014     netctrl_min_ipv4.aem4f : netctrl.oem4f (.text:NC_NetStop)
                  000133d4    00000014     os.aem4f : task.oem4f (.text:NDK_hookExit)
                  000133e8    00000014     stk.aem4f : nimu.oem4f (.text:NIMUSendPacket)
                  000133fc    00000014     nettool_ipv4.aem4f : ipaddr.oem4f (.text:NtRemoveNetwork)
                  00013410    00000014     stk.aem4f : rawethsock_pcb.oem4f (.text:RawEthSockPcbInit)
                  00013424    00000014               : timer.oem4f (.text:TimerFree)
                  00013438    00000014     httpget.obj (.text:connect)
                  0001344c    00000014     httpget.obj (.text:socket)
                  00013460    00000014     rtsv7M4_T_le_v4SPD16_eabi.lib : strcpy.c.obj (.text:strcpy)
                  00013474    00000014                                   : strlen.c.obj (.text:strlen)
                  00013488    00000014     httpget_pem4f.oem4f (.text:ti_ndk_config_global_taskExitHook)
                  0001349c    00000014     httpget_pem4f.oem4f (.text:ti_sysbios_family_arm_m3_Hwi_Object__get__S)
                  000134b0    00000014     sysbios.aem4f : BIOS.obj (.text:ti_sysbios_family_arm_m3_Hwi_switchFromBootStack__E)
                  000134c4    00000014     httpget_pem4f.oem4f (.text:ti_sysbios_heaps_HeapMem_Object__get__S)
                  000134d8    00000014     httpget_pem4f.oem4f (.text:ti_sysbios_knl_Mailbox_Object__get__S)
                  000134ec    00000014     httpget_pem4f.oem4f (.text:ti_sysbios_knl_Swi_Object__get__S)
                  00013500    00000014     httpget_pem4f.oem4f (.text:ti_sysbios_knl_Task_Object__first__S)
                  00013514    00000014     httpget_pem4f.oem4f (.text:ti_sysbios_knl_Task_Object__next__S)
                  00013528    00000012     driverlib.lib : gpio.obj (.text:GPIOPinTypeEthernetLED)
                  0001353a    00000012                   : gpio.obj (.text:GPIOPinTypeGPIOInput)
                  0001354c    00000012     stk.aem4f : sockprot.oem4f (.text:SockPrAttach)
                  0001355e    00000012               : sockint.oem4f (.text:SockSetOOBData)
                  00013570    00000012     sysbios.aem4f : BIOS.obj (.text:ti_sysbios_hal_Hwi_Module_startup__E)
                  00013582    00000006     driverlib.lib : gpio.obj (.text:GPIOIntClear)
                  00013588    00000012     sysbios.aem4f : BIOS.obj (.text:ti_sysbios_hal_Timer_Module_startup__E)
                  0001359a    00000006     driverlib.lib : gpio.obj (.text:GPIOPinRead)
                  000135a0    00000012     sysbios.aem4f : BIOS.obj (.text:ti_sysbios_knl_Semaphore_reset__E)
                  000135b2    00000012     rtsv7M4_T_le_v4SPD16_eabi.lib : wcslen.c.obj (.text:wcslen)
                  000135c4    00000012     httpget_pem4f.oem4f (.text:xdc_runtime_Startup_exec__I)
                  000135d6    00000002     --HOLE-- [fill = 0]
                  000135d8    00000010     httpget_pem4f.oem4f (.text:.bootCodeSection:ti_catalog_arm_cortexm4_tiva_ce_Boot_init__I)
                  000135e8    00000010     stk.aem4f : bind.oem4f (.text:BindIF2IPHost)
                  000135f8    00000010               : bind.oem4f (.text:BindIFNet2IPHost)
                  00013608    00000010     driverlib.lib : emac.obj (.text:EMACFrameFilterSet)
                  00013618    00000010     stk.aem4f : exec.oem4f (.text:ExecHRef)
                  00013628    00000010     netctrl_min_ipv4.aem4f : netctrl.oem4f (.text:NC_IPUpdate)
                  00013638    00000010     stk.aem4f : nimu.oem4f (.text:NIMUGetRsvdSizeInfo)
                  00013648    00000010     sysbios.aem4f : BIOS.obj (.text:ti_sysbios_BIOS_exit__E)
                  00013658    00000010                   : BIOS.obj (.text:ti_sysbios_BIOS_getCpuFreq__E)
                  00013668    00000010                   : BIOS.obj (.text:ti_sysbios_BIOS_setThreadType__E)
                  00013678    00000010                   : BIOS.obj (.text:ti_sysbios_BIOS_start__E)
                  00013688    00000010                   : m3_TaskSupport_asm.obj (.text:ti_sysbios_family_arm_m3_TaskSupport_glue)
                  00013698    00000010                   : BIOS.obj (.text:ti_sysbios_gates_GateMutex_Instance_finalize__E)
                  000136a8    00000010                   : BIOS.obj (.text:ti_sysbios_knl_Semaphore_Instance_finalize__E)
                  000136b8    00000010                   : BIOS.obj (.text:ti_sysbios_knl_Swi_disable__E)
                  000136c8    00000010     httpget_pem4f.oem4f (.text:ti_sysbios_knl_Task_Object__get__S)
                  000136d8    00000010     sysbios.aem4f : BIOS.obj (.text:ti_sysbios_knl_Task_disable__E)
                  000136e8    00000010     ti.targets.arm.rtsarm.aem4f : Gate.oem4f (.text:xdc_runtime_Gate_leaveSystem__E)
                  000136f8    00000010                                 : Memory.oem4f (.text:xdc_runtime_Memory_free__E)
                  00013708    00000010                                 : SysMin.oem4f (.text:xdc_runtime_SysMin_ready__E)
                  00013718    00000010                                 : System.oem4f (.text:xdc_runtime_System_vsnprintf__E)
                  00013728    00000010     httpget_pem4f.oem4f (.text:xdc_runtime_Text_visitRope__I)
                  00013738    0000000e     drivers_tivaware.aem4f : EMACSnow.oem4f (.text:EMACSnow_emacioctl)
                  00013746    0000000e     stk.aem4f : exec.oem4f (.text:ExecLowResource)
                  00013754    0000000e     driverlib.lib : gpio.obj (.text:GPIOIntStatus)
                  00013762    0000000e     rtsv7M4_T_le_v4SPD16_eabi.lib : copy_decompress_none.c.obj (.text:decompress:none:__TI_decompress_none)
                  00013770    0000000e     sysbios.aem4f : BIOS.obj (.text:ti_sysbios_knl_Clock_removeI__E)
                  0001377e    00000002     --HOLE-- [fill = 0]
                  00013780    0000000e                   : BIOS.obj (.text:ti_sysbios_knl_Idle_loop__E)
                  0001378e    00000002     --HOLE-- [fill = 0]
                  00013790    0000000e                   : BIOS.obj (.text:ti_sysbios_knl_Queue_empty__E)
                  0001379e    00000002     --HOLE-- [fill = 0]
                  000137a0    0000000c     stk.aem4f : bind.oem4f (.text:BindGetFirst)
                  000137ac    0000000c     nettool_ipv4.aem4f : config.oem4f (.text:CfgSetDefault)
                  000137b8    0000000c     drivers_tivaware.aem4f : EMACSnow.oem4f (.text:EMACSnow_init)
                  000137c4    0000000c     os.aem4f : task.oem4f (.text:NDK_hookInit)
                  000137d0    0000000c     stk.aem4f : nimu.oem4f (.text:NIMUSetRsvdSizeInfo)
                  000137dc    0000000c     os.aem4f : task.oem4f (.text:NotifyLowResource)
                  000137e8    0000000c     stk.aem4f : pbm.oem4f (.text:PBM_close)
                  000137f4    0000000c     os.aem4f : semaphore.oem4f (.text:SemDelete)
                  00013800    0000000c     rtsv7M4_T_le_v4SPD16_eabi.lib : ctime_.c.obj (.text:__ctime32)
                  0001380c    0000000c     hal_timer_bios.aem4f : lltimer.oem4f (.text:_llTimerShutdown)
                  00013818    0000000c     rtsv7M4_T_le_v4SPD16_eabi.lib : _lock.c.obj (.text:_register_lock)
                  00013824    0000000c                                   : _lock.c.obj (.text:_register_unlock)
                  00013830    0000000c     httpget.obj (.text:close)
                  0001383c    0000000c     rtsv7M4_T_le_v4SPD16_eabi.lib : copy_zero_init.c.obj (.text:decompress:ZI:__TI_zero_init)
                  00013848    0000000c     hal_timer_bios.aem4f : lltimer.oem4f (.text:llTimerGetStartTime)
                  00013854    00000004     --HOLE-- [fill = 0]
                  00013858    0000000c     sysbios.aem4f : BIOS.obj (.text:ti_sysbios_BIOS_getThreadType__E)
                  00013864    00000004     --HOLE-- [fill = 0]
                  00013868    0000000c                   : BIOS.obj (.text:ti_sysbios_family_arm_lm4_Timer_getMaxTicks__E)
                  00013874    0000000c     httpget_pem4f.oem4f (.text:ti_sysbios_family_arm_m3_Hwi_Params__init__S)
                  00013880    0000000c     sysbios.aem4f : BIOS.obj (.text:ti_sysbios_family_arm_m3_Hwi_disableFxn__E)
                  0001388c    00000004     --HOLE-- [fill = 0]
                  00013890    0000000c                   : BIOS.obj (.text:ti_sysbios_family_arm_m3_TaskSupport_checkStack__E)
                  0001389c    00000004     --HOLE-- [fill = 0]
                  000138a0    0000000c                   : BIOS.obj (.text:ti_sysbios_family_arm_m3_TaskSupport_getStackAlignment__E)
                  000138ac    00000004     --HOLE-- [fill = 0]
                  000138b0    0000000c                   : BIOS.obj (.text:ti_sysbios_gates_GateHwi_enter__E)
                  000138bc    0000000c     httpget_pem4f.oem4f (.text:ti_sysbios_knl_Clock_Params__init__S)
                  000138c8    0000000c     sysbios.aem4f : BIOS.obj (.text:ti_sysbios_knl_Clock_getTicks__E)
                  000138d4    0000000c     httpget_pem4f.oem4f (.text:ti_sysbios_knl_Queue_Object__get__S)
                  000138e0    0000000c     httpget_pem4f.oem4f (.text:ti_sysbios_knl_Semaphore_Params__init__S)
                  000138ec    0000000c     httpget_pem4f.oem4f (.text:ti_sysbios_knl_Task_Params__init__S)
                  000138f8    0000000c     sysbios.aem4f : BIOS.obj (.text:ti_sysbios_knl_Task_getIdleTask__E)
                  00013904    00000004     --HOLE-- [fill = 0]
                  00013908    0000000c                   : BIOS.obj (.text:ti_sysbios_knl_Task_self__E)
                  00013914    0000000c     ti.targets.arm.rtsarm.aem4f : Error.oem4f (.text:xdc_runtime_Error_init__E)
                  00013920    0000000c                                 : Gate.oem4f (.text:xdc_runtime_Gate_enterSystem__E)
                  0001392c    0000000c                                 : Memory.oem4f (.text:xdc_runtime_Memory_calloc__E)
                  00013938    0000000c                                 : Memory.oem4f (.text:xdc_runtime_Memory_getMaxDefaultTypeAlign__E)
                  00013944    0000000a     rtsv7M4_T_le_v4SPD16_eabi.lib : sprintf.c.obj (.text:_outc)
                  0001394e    0000000a     stk.aem4f : file.oem4f (.text:fdint_signalevent)
                  00013958    0000000a               : file.oem4f (.text:fdint_signaltimeout)
[...]
00015dfc  ti_sysbios_gates_GateHwi_Object__PARAMS__C                           
00015e14  ti_sysbios_gates_GateMutex_Object__PARAMS__C                         
00015e2c  ti_sysbios_knl_Queue_Object__PARAMS__C                               
00015e44  ti_sysbios_knl_Task_hooks__A                                         
00015e5c  GPIOTiva_config                                                      
00015e70  xdc_runtime_Startup_firstFxns__A                                     
00015e84  xdc_runtime_Startup_sfxnRts__A                                       
00015e98  emacHWAttrs                                                          
00015eb0  EMACSnow_fxnTable                                                    
00015eb8  ti_sysbios_family_arm_m3_Hwi_excHookFuncs__A                         
00015ec0  ti_sysbios_knl_Idle_funcList__A                                      
00015ec8  ti_sysbios_knl_Idle_funcList__C                                      
00015ed0  ti_sysbios_knl_Task_hooks__C                                         
00015ed8  xdc_runtime_Startup_firstFxns__C                                     
00015ee0  xdc_runtime_Startup_lastFxns__C                                      
00015ee8  ti_catalog_arm_cortexm4_tiva_ce_Boot_A_mustNotUseEnhancedClockMode__C
00015eec  ti_catalog_arm_cortexm4_tiva_ce_Boot_Module__diagsEnabled__C         
00015ef0  ti_catalog_arm_cortexm4_tiva_ce_Boot_Module__diagsIncluded__C        
00015ef4  ti_catalog_arm_cortexm4_tiva_ce_Boot_Module__diagsMask__C            
00015ef8  ti_sysbios_family_arm_lm4_Timer_enableFunc__C                        
00015efc  ti_sysbios_family_arm_lm4_Timer_numTimerDevices__C                   
00015f00  ti_sysbios_family_arm_lm4_Timer_startupNeeded__C                     
00015f04  ti_sysbios_family_arm_m3_Hwi_E_NMI__C                                
00015f08  ti_sysbios_family_arm_m3_Hwi_E_alreadyDefined__C                     
00015f0c  ti_sysbios_family_arm_m3_Hwi_E_busFault__C                           
00015f10  ti_sysbios_family_arm_m3_Hwi_E_debugMon__C                           
00015f14  ti_sysbios_family_arm_m3_Hwi_E_hardFault__C                          
00015f18  ti_sysbios_family_arm_m3_Hwi_E_memFault__C                           
00015f1c  ti_sysbios_family_arm_m3_Hwi_E_noIsr__C                              
00015f20  ti_sysbios_family_arm_m3_Hwi_E_reserved__C                           
00015f24  ti_sysbios_family_arm_m3_Hwi_E_svCall__C                             
00015f28  ti_sysbios_family_arm_m3_Hwi_E_usageFault__C                         
00015f2c  ti_sysbios_family_arm_m3_Hwi_NUM_INTERRUPTS__C                       
00015f30  ti_sysbios_family_arm_m3_Hwi_Object__count__C                        
00015f34  ti_sysbios_family_arm_m3_Hwi_ccr__C                                  
00015f38  ti_sysbios_family_arm_m3_Hwi_excHandlerFunc__C                       
00015f3c  ti_sysbios_family_arm_m3_Hwi_excHookFuncs__C                         
00015f40  ti_sysbios_family_arm_m3_Hwi_nullIsrFunc__C                          
00015f44  ti_sysbios_family_arm_m3_Hwi_priGroup__C                             
00015f48  ti_sysbios_family_arm_m3_TaskSupport_stackAlignment__C               
00015f4c  ti_sysbios_gates_GateMutex_Instance_State_sem__O                     
00015f50  ti_sysbios_hal_Hwi_E_stackOverflow__C                                
00015f54  ti_sysbios_heaps_HeapMem_E_memory__C                                 
00015f58  ti_sysbios_heaps_HeapMem_Module__gateObj__C                          
00015f5c  ti_sysbios_heaps_HeapMem_Object__count__C                            
00015f60  ti_sysbios_heaps_HeapMem_reqAlign__C                                 
00015f64  ti_sysbios_knl_Clock_Module_State_clockQ__O                          
00015f68  ti_sysbios_knl_Event_Instance_State_pendQ__O                         
00015f6c  ti_sysbios_knl_Mailbox_Instance_State_dataQue__O                     
00015f70  ti_sysbios_knl_Mailbox_Instance_State_dataSem__O                     
00015f74  ti_sysbios_knl_Mailbox_Instance_State_freeQue__O                     
00015f78  ti_sysbios_knl_Mailbox_Instance_State_freeSem__O                     
00015f7c  ti_sysbios_knl_Mailbox_Object__count__C                              
00015f80  ti_sysbios_knl_Mailbox_maxTypeAlign__C                               
00015f84  ti_sysbios_knl_Semaphore_Instance_State_pendQ__O                     
00015f88  ti_sysbios_knl_Swi_Object__count__C                                  
00015f8c  ti_sysbios_knl_Task_E_deleteNotAllowed__C                            
00015f90  ti_sysbios_knl_Task_E_spOutOfBounds__C                               
00015f94  ti_sysbios_knl_Task_E_stackOverflow__C                               
00015f98  ti_sysbios_knl_Task_Module_State_inactiveQ__O                        
00015f9c  ti_sysbios_knl_Task_Module_State_terminatedQ__O                      
00015fa0  ti_sysbios_knl_Task_Object__count__C                                 
00015fa4  ti_sysbios_knl_Task_Object__heap__C                                  
00015fa8  ti_sysbios_knl_Task_allBlockedFunc__C                                
00015fac  ti_sysbios_knl_Task_defaultStackHeap__C                              
00015fb0  ti_sysbios_knl_Task_defaultStackSize__C                              
00015fb4  ti_sysbios_knl_Task_numConstructedTasks__C                           
00015fb8  xdc_runtime_Assert_E_assertFailed__C                                 
00015fbc  xdc_runtime_Core_A_initializedParams__C                              
00015fc0  xdc_runtime_Core_Module__diagsEnabled__C                             
00015fc4  xdc_runtime_Core_Module__diagsIncluded__C                            
00015fc8  xdc_runtime_Core_Module__diagsMask__C                                
00015fcc  xdc_runtime_Error_E_memory__C                                        
00015fd0  xdc_runtime_Error_Module__diagsEnabled__C                            
00015fd4  xdc_runtime_Error_Module__diagsIncluded__C                           
00015fd8  xdc_runtime_Error_Module__diagsMask__C                               
00015fdc  xdc_runtime_Error_Module__loggerFxn8__C                              
00015fe0  xdc_runtime_Error_Module__loggerObj__C                               
00015fe4  xdc_runtime_Error_policyFxn__C                                       
00015fe8  xdc_runtime_Error_raiseHook__C                                       
00015fec  xdc_runtime_IGateProvider_Interface__BASE__C                         
00015ff0  xdc_runtime_IHeap_Interface__BASE__C                                 
00015ff4  xdc_runtime_IModule_Interface__BASE__C                               
00015ff8  xdc_runtime_Log_L_error__C                                           
00015ffc  xdc_runtime_Memory_defaultHeapInstance__C                            
00016000  xdc_runtime_Startup_execImpl__C                                      
00016004  xdc_runtime_Startup_maxPasses__C                                     
00016008  xdc_runtime_Startup_sfxnRts__C                                       
0001600c  xdc_runtime_Startup_sfxnTab__C                                       
00016010  xdc_runtime_SysMin_bufSize__C                                        
00016014  xdc_runtime_SysMin_outputFunc__C                                     
00016018  xdc_runtime_System_Module__gateObj__C                                
0001601c  xdc_runtime_System_abortFxn__C                                       
00016020  xdc_runtime_System_exitFxn__C                                        
00016024  xdc_runtime_System_extendFxn__C                                      
00016028  xdc_runtime_System_maxAtexitHandlers__C                              
0001602c  xdc_runtime_Text_charTab__C                                          
00016030  xdc_runtime_Text_nameEmpty__C                                        
00016034  xdc_runtime_Text_nameStatic__C                                       
00016038  xdc_runtime_Text_nameUnknown__C                                      
0001603c  xdc_runtime_Text_nodeTab__C                                          
00016040  xdc_runtime_Text_visitRopeFxn__C                                     
00016044  ti_sysbios_hal_Hwi_Module__id__C                                     
00016046  ti_sysbios_heaps_HeapMem_Module__id__C                               
00016048  ti_sysbios_knl_Task_Module__id__C                                    
0001604a  xdc_runtime_Core_Module__id__C                                       
0001604c  xdc_runtime_Error_Module__loggerDefined__C                           
0001604e  xdc_runtime_Error_maxDepth__C                                        
00016050  xdc_runtime_Memory_Module__id__C                                     
00016052  xdc_runtime_SysMin_flushAtExit__C                                    
00016054  xdc_runtime_Text_charCnt__C                                          
00016056  xdc_runtime_Text_isLoaded__C                                         
00016058  xdc_runtime_Text_registryModsLastId__C                               
0001605a  xdc_runtime_Text_unnamedModsLastId__C                                
0001605c  xdc_runtime_Error_policy__C                                          
00016060  __TI_static_base__                                                   
000164a4  __TI_Handler_Table_Base                                              
000164b0  __TI_Handler_Table_Limit                                             
000164c0  __TI_CINIT_Base                                                      
000164d8  __TI_CINIT_Limit                                                     
20000000  __start___llvm_prf_cnts                                              
20000000  __stop___llvm_prf_cnts                                               
20000000  ti_sysbios_family_arm_m3_Hwi_ramVectors                              
20000380  ti_ndk_config_Global_pit                                             
20000498  ti_ndk_config_Global_pitBuffer                                       
2000cc98  ti_sysbios_heaps_HeapMem_Instance_State_0_buf__A                     
20014c98  ips                                                                  
20014d00  ti_ndk_config_Global_pBufMem                                         
20018900  ti_ndk_config_Global_pHdrMem                                         
20018bf8  ti_sysbios_knl_Task_Instance_State_0_stack__A                        
200193f8  ti_sysbios_knl_Task_Instance_State_1_stack__A                        
20019bf8  ti_sysbios_knl_Task_Instance_State_2_stack__A                        
2001a1f8  ti_sysbios_knl_Task_Instance_State_3_stack__A                        
2001a3f8  tankInfo                                                             
2001a7e0  ti_sysbios_family_arm_m3_Hwi_dispatchTable                           
2001ab40  __CIOBUF_                                                            
2001ad60  tcps                                                                 
2001aed0  ti_sysbios_knl_Mailbox_Instance_State_0_allocBuf__A                  
2001b120  xdc_runtime_SysMin_Module_State_0_outbuf__A                          
2001b1a0  nimu_mcb                                                             
2001b204  _ICMPIn                                                              
2001b250  _ICMPOut                                                             
2001b2dc  vlan_mcb                                                             
2001b328  udps                                                                 
2001b34c  takenTime                                                            
2001b388  BlockCount                                                           
2001b3a4  BlockMax                                                             
2001b3c0  PageCount                                                            
2001b3dc  PageMax                                                              
2001b3f8  stkEvent                                                             
2001b444  raweths                                                              
2001b454  raws                                                                 
2001b464  PBMQ_free                                                            
2001b470  tpseudo                                                              
2001b47c  upseudo                                                              
2001b488  emacObjects                                                          
2001b490  parmbuf                                                              
2001b4b8  _IGMPInDiscard                                                       
2001b4bc  _IGMPInQuery                                                         
2001b4c0  _IGMPInQueryGroup                                                    
2001b4c4  _IGMPInResponse                                                      
2001b4c8  _IGMPOutResponse                                                     
2001b4cc  g_ulStatus                                                           
2001b4e0  raweth_pcb                                                           
2001b4e4  realtime                                                             
2001b4e8  ti_sysbios_knl_Task_Instance_State_0_hookEnv__A                      
2001b4ec  ti_sysbios_knl_Task_Instance_State_1_hookEnv__A                      
2001b4f0  ti_sysbios_knl_Task_Instance_State_2_hookEnv__A                      
2001b4f4  ti_sysbios_knl_Task_Instance_State_3_hookEnv__A                      
2001b4f8  ti_sysbios_knl_Task_Object__table__V                                 
2001b628  _ipcfg                                                               
2001b6dc  ti_sysbios_family_arm_lm4_Timer_Object__table__V                     
2001b75c  ti_sysbios_knl_Swi_Module_State_0_readyQ__A                          
2001b7dc  ti_sysbios_knl_Task_Module_State_0_readyQ__A                         
2001b85c  ti_sysbios_knl_Mailbox_Object__table__V                              
2001b8ac  ti_sysbios_knl_Semaphore_Object__table__V                            
2001b94a  ti_sysbios_family_arm_m3_Hwi_Module_State_0_excActive__A             
2001b94c  ti_sysbios_knl_Task_Module__state__V                                 
2001ba10  ti_sysbios_family_arm_lm4_Timer_Module_State_0_device__A             
2001ba50  ti_sysbios_gates_GateMutex_Object__table__V                          
2001babc  ti_sysbios_family_arm_m3_Hwi_Module__state__V                        
2001baf0  enablePrefetch                                                       
2001baf4  phyCounter                                                           
2001bb22  xdc_runtime_Error_Module__state__V                                   
2001bb54  ti_sysbios_family_arm_m3_Hwi_Object__table__V                        
2001bb84  ti_sysbios_knl_Swi_Object__table__V                                  
2001bbb4  ti_sysbios_knl_Clock_Module__state__V                                
2001bbe0  pstrMsgName                                                          
2001bc08  _oscfg                                                               
2001bc50  PITCount                                                             
2001bc54  PITUsed                                                              
2001bc58  PITHigh                                                              
2001bc74  ti_sysbios_BIOS_Module__state__V                                     
2001bc98  ti_sysbios_family_arm_lm4_Timer_Module_State_0_handles__A            
2001bcd4  ti_ndk_config_Global_Id2Size                                         
2001bcf0  ti_sysbios_knl_Swi_Module__state__V                                  
2001bd54  ti_sysbios_heaps_HeapMem_Object__table__V                            
2001bda8  _tz                                                                  
2001bdb8  gpioPinConfigs                                                       
2001bdd0  _IGMPForceVersion1                                                   
2001bdd8  ti_sysbios_family_arm_lm4_Timer_Module__state__V                     
2001bde4  ti_sysbios_knl_Event_Object__table__V                                
2001bdf0  xdc_runtime_SysMin_Module__state__V                                  
2001be08  _lock                                                                
2001be0c  _unlock                                                              
2001be10  NIMUDeviceTable                                                      
2001be18  gpioCallbackFunctions                                                
2001be20  ti_ndk_config_Global_HostName                                        
2001be24  __xdc__init__addr                                                    
2001be38  _ICMPInErrors                                                        
2001be3c  _ICMPOutErrors                                                       
2001be40  _IPExecuting                                                         
2001be58  tcp_iss                                                              
2001be5c  ptTimeFirst                                                          
2001be68  ti_sysbios_family_arm_m3_Hwi_Module__root__V                         
2001be70  ti_sysbios_gates_GateHwi_Module__root__V                             
2001be78  ti_sysbios_gates_GateMutex_Module__root__V                           
2001be80  ti_sysbios_hal_Timer_Object__table__V                                
2001be88  ti_sysbios_heaps_HeapMem_Module__root__V                             
2001be90  ti_sysbios_knl_Clock_Module__root__V                                 
2001be98  ti_sysbios_knl_Queue_Module__root__V                                 
2001bea0  ti_sysbios_knl_Semaphore_Module__root__V                             
2001bea8  ti_sysbios_knl_Swi_Module__root__V                                   
2001beb0  ti_sysbios_knl_Task_Module__root__V                                  
2001beb8  xdc_runtime_Registry_Module__state__V                                
2001bec0  xdc_runtime_Startup_Module__state__V                                 
2001bec8  xdc_runtime_System_Module_State_0_atexitHandlers__A                  
2001bed0  xdc_runtime_System_Module__state__V                                  
2001bed8  macAddress                                                           
2001bef4  ctr                                                                  
2001befc  errno                                                                
2001bf00  main_func_sp                                                         
2001bf08  _IPReasmPtr                                                          
2001bf18  ti_sysbios_family_arm_m3_Hwi_Module_State_0_excContext__A            
2001bf1c  ti_sysbios_family_arm_m3_Hwi_Module_State_0_excStack__A              
2001bf20  ti_sysbios_gates_GateHwi_Object__table__V                            
2001bf24  ti_sysbios_knl_Task_Module_State_0_idleTask__A                       
2001bf28  xdc_runtime_Memory_Module__state__V                                  
2001bf30  __stack                                                              
2001c730  __STACK_END                                                          
e000e000  ti_sysbios_family_arm_m3_Hwi_nvic                                    
ffffffff  __TI_pprof_out_hndl                                                  
ffffffff  __TI_prof_data_size                                                  
ffffffff  __TI_prof_data_start                                                 
ffffffff  __binit__                                                            
ffffffff  __c_args__                                                           
ffffffff  binit                                                                
UNDEFED   SHT$$INIT_ARRAY$$Base                                                
UNDEFED   SHT$$INIT_ARRAY$$Limit                                               

[1070 symbols]
